C:\Users\nxa11926\Documents\MCUXpressoIDE_11.9.0_2089_prc1\MCX_ACH_Github\frdmmcxn947_mpl3115_shield_pressure\drivers/fsl_clock.h:1511:20:CLOCK_EnableClock	24	static
C:\Users\nxa11926\Documents\MCUXpressoIDE_11.9.0_2089_prc1\MCX_ACH_Github\frdmmcxn947_mpl3115_shield_pressure\drivers/fsl_port.h:355:20:PORT_SetPinConfig	32	static
../board/pin_mux.c:35:6:BOARD_InitBootPins	8	static
../board/pin_mux.c:63:6:BOARD_InitPins	32	static
../board/pin_mux.c:231:6:LPI2C2_InitPins	16	static
../board/pin_mux.c:303:6:LPI2C2_DeinitPins	16	static
../board/pin_mux.c:379:6:LPSPI1_InitPins	24	static
../board/pin_mux.c:501:6:LPSPI1_DeinitPins	24	static
../board/pin_mux.c:620:6:LPUART4_InitPins	16	static
../board/pin_mux.c:694:6:LPUART4_DeinitPins	16	static
