../startup/startup_mcxn947_cm33_core0.c:622:59:data_init	4	static
../startup/startup_mcxn947_cm33_core0.c:633:58:bss_init	0	static
../startup/startup_mcxn947_cm33_core0.c:658:62:ResetISR	0	static
../startup/startup_mcxn947_cm33_core0.c:740:14:NMI_Handler	0	static
../startup/startup_mcxn947_cm33_core0.c:747:14:HardFault_Handler	0	static
../startup/startup_mcxn947_cm33_core0.c:754:14:MemManage_Handler	0	static
../startup/startup_mcxn947_cm33_core0.c:761:14:BusFault_Handler	0	static
../startup/startup_mcxn947_cm33_core0.c:768:14:UsageFault_Handler	0	static
../startup/startup_mcxn947_cm33_core0.c:775:14:SecureFault_Handler	0	static
../startup/startup_mcxn947_cm33_core0.c:782:14:SVC_Handler	0	static
../startup/startup_mcxn947_cm33_core0.c:789:14:DebugMon_Handler	0	static
../startup/startup_mcxn947_cm33_core0.c:796:14:PendSV_Handler	0	static
../startup/startup_mcxn947_cm33_core0.c:803:14:SysTick_Handler	0	static
../startup/startup_mcxn947_cm33_core0.c:814:14:IntDefaultHandler	0	static
../startup/startup_mcxn947_cm33_core0.c:827:11:OR_IRQHandler	8	static
../startup/startup_mcxn947_cm33_core0.c:832:11:EDMA_0_CH0_IRQHandler	8	static
../startup/startup_mcxn947_cm33_core0.c:837:11:EDMA_0_CH1_IRQHandler	8	static
../startup/startup_mcxn947_cm33_core0.c:842:11:EDMA_0_CH2_IRQHandler	8	static
../startup/startup_mcxn947_cm33_core0.c:847:11:EDMA_0_CH3_IRQHandler	8	static
../startup/startup_mcxn947_cm33_core0.c:852:11:EDMA_0_CH4_IRQHandler	8	static
../startup/startup_mcxn947_cm33_core0.c:857:11:EDMA_0_CH5_IRQHandler	8	static
../startup/startup_mcxn947_cm33_core0.c:862:11:EDMA_0_CH6_IRQHandler	8	static
../startup/startup_mcxn947_cm33_core0.c:867:11:EDMA_0_CH7_IRQHandler	8	static
../startup/startup_mcxn947_cm33_core0.c:872:11:EDMA_0_CH8_IRQHandler	8	static
../startup/startup_mcxn947_cm33_core0.c:877:11:EDMA_0_CH9_IRQHandler	8	static
../startup/startup_mcxn947_cm33_core0.c:882:11:EDMA_0_CH10_IRQHandler	8	static
../startup/startup_mcxn947_cm33_core0.c:887:11:EDMA_0_CH11_IRQHandler	8	static
../startup/startup_mcxn947_cm33_core0.c:892:11:EDMA_0_CH12_IRQHandler	8	static
../startup/startup_mcxn947_cm33_core0.c:897:11:EDMA_0_CH13_IRQHandler	8	static
../startup/startup_mcxn947_cm33_core0.c:902:11:EDMA_0_CH14_IRQHandler	8	static
../startup/startup_mcxn947_cm33_core0.c:907:11:EDMA_0_CH15_IRQHandler	8	static
../startup/startup_mcxn947_cm33_core0.c:912:11:GPIO00_IRQHandler	8	static
../startup/startup_mcxn947_cm33_core0.c:917:11:GPIO01_IRQHandler	8	static
../startup/startup_mcxn947_cm33_core0.c:922:11:GPIO10_IRQHandler	8	static
../startup/startup_mcxn947_cm33_core0.c:927:11:GPIO11_IRQHandler	8	static
../startup/startup_mcxn947_cm33_core0.c:932:11:GPIO20_IRQHandler	8	static
../startup/startup_mcxn947_cm33_core0.c:937:11:GPIO21_IRQHandler	8	static
../startup/startup_mcxn947_cm33_core0.c:942:11:GPIO30_IRQHandler	8	static
../startup/startup_mcxn947_cm33_core0.c:947:11:GPIO31_IRQHandler	8	static
../startup/startup_mcxn947_cm33_core0.c:952:11:GPIO40_IRQHandler	8	static
../startup/startup_mcxn947_cm33_core0.c:957:11:GPIO41_IRQHandler	8	static
../startup/startup_mcxn947_cm33_core0.c:962:11:GPIO50_IRQHandler	8	static
../startup/startup_mcxn947_cm33_core0.c:967:11:GPIO51_IRQHandler	8	static
../startup/startup_mcxn947_cm33_core0.c:972:11:UTICK0_IRQHandler	8	static
../startup/startup_mcxn947_cm33_core0.c:977:11:MRT0_IRQHandler	8	static
../startup/startup_mcxn947_cm33_core0.c:982:11:CTIMER0_IRQHandler	8	static
../startup/startup_mcxn947_cm33_core0.c:987:11:CTIMER1_IRQHandler	8	static
../startup/startup_mcxn947_cm33_core0.c:992:11:SCT0_IRQHandler	8	static
../startup/startup_mcxn947_cm33_core0.c:997:11:CTIMER2_IRQHandler	8	static
../startup/startup_mcxn947_cm33_core0.c:1002:11:LP_FLEXCOMM0_IRQHandler	8	static
../startup/startup_mcxn947_cm33_core0.c:1007:11:LP_FLEXCOMM1_IRQHandler	8	static
../startup/startup_mcxn947_cm33_core0.c:1012:11:LP_FLEXCOMM2_IRQHandler	8	static
../startup/startup_mcxn947_cm33_core0.c:1017:11:LP_FLEXCOMM3_IRQHandler	8	static
../startup/startup_mcxn947_cm33_core0.c:1022:11:LP_FLEXCOMM4_IRQHandler	8	static
../startup/startup_mcxn947_cm33_core0.c:1027:11:LP_FLEXCOMM5_IRQHandler	8	static
../startup/startup_mcxn947_cm33_core0.c:1032:11:LP_FLEXCOMM6_IRQHandler	8	static
../startup/startup_mcxn947_cm33_core0.c:1037:11:LP_FLEXCOMM7_IRQHandler	8	static
../startup/startup_mcxn947_cm33_core0.c:1042:11:LP_FLEXCOMM8_IRQHandler	8	static
../startup/startup_mcxn947_cm33_core0.c:1047:11:LP_FLEXCOMM9_IRQHandler	8	static
../startup/startup_mcxn947_cm33_core0.c:1052:11:ADC0_IRQHandler	8	static
../startup/startup_mcxn947_cm33_core0.c:1057:11:ADC1_IRQHandler	8	static
../startup/startup_mcxn947_cm33_core0.c:1062:11:PINT0_IRQHandler	8	static
../startup/startup_mcxn947_cm33_core0.c:1067:11:PDM_EVENT_IRQHandler	8	static
../startup/startup_mcxn947_cm33_core0.c:1072:11:Reserved65_IRQHandler	8	static
../startup/startup_mcxn947_cm33_core0.c:1077:11:USB0_FS_IRQHandler	8	static
../startup/startup_mcxn947_cm33_core0.c:1082:11:USB0_DCD_IRQHandler	8	static
../startup/startup_mcxn947_cm33_core0.c:1087:11:RTC_IRQHandler	8	static
../startup/startup_mcxn947_cm33_core0.c:1092:11:SMARTDMA_IRQHandler	8	static
../startup/startup_mcxn947_cm33_core0.c:1097:11:MAILBOX_IRQHandler	8	static
../startup/startup_mcxn947_cm33_core0.c:1102:11:CTIMER3_IRQHandler	8	static
../startup/startup_mcxn947_cm33_core0.c:1107:11:CTIMER4_IRQHandler	8	static
../startup/startup_mcxn947_cm33_core0.c:1112:11:OS_EVENT_IRQHandler	8	static
../startup/startup_mcxn947_cm33_core0.c:1117:11:FLEXSPI0_IRQHandler	8	static
../startup/startup_mcxn947_cm33_core0.c:1122:11:SAI0_IRQHandler	8	static
../startup/startup_mcxn947_cm33_core0.c:1127:11:SAI1_IRQHandler	8	static
../startup/startup_mcxn947_cm33_core0.c:1132:11:USDHC0_IRQHandler	8	static
../startup/startup_mcxn947_cm33_core0.c:1137:11:CAN0_IRQHandler	8	static
../startup/startup_mcxn947_cm33_core0.c:1142:11:CAN1_IRQHandler	8	static
../startup/startup_mcxn947_cm33_core0.c:1147:11:Reserved80_IRQHandler	8	static
../startup/startup_mcxn947_cm33_core0.c:1152:11:Reserved81_IRQHandler	8	static
../startup/startup_mcxn947_cm33_core0.c:1157:11:USB1_HS_PHY_IRQHandler	8	static
../startup/startup_mcxn947_cm33_core0.c:1162:11:USB1_HS_IRQHandler	8	static
../startup/startup_mcxn947_cm33_core0.c:1167:11:SEC_HYPERVISOR_CALL_IRQHandler	8	static
../startup/startup_mcxn947_cm33_core0.c:1172:11:Reserved85_IRQHandler	8	static
../startup/startup_mcxn947_cm33_core0.c:1177:11:PLU_IRQHandler	8	static
../startup/startup_mcxn947_cm33_core0.c:1182:11:Freqme_IRQHandler	8	static
../startup/startup_mcxn947_cm33_core0.c:1187:11:SEC_VIO_IRQHandler	8	static
../startup/startup_mcxn947_cm33_core0.c:1192:11:ELS_IRQHandler	8	static
../startup/startup_mcxn947_cm33_core0.c:1197:11:PKC_IRQHandler	8	static
../startup/startup_mcxn947_cm33_core0.c:1202:11:PUF_IRQHandler	8	static
../startup/startup_mcxn947_cm33_core0.c:1207:11:PQ_IRQHandler	8	static
../startup/startup_mcxn947_cm33_core0.c:1212:11:EDMA_1_CH0_IRQHandler	8	static
../startup/startup_mcxn947_cm33_core0.c:1217:11:EDMA_1_CH1_IRQHandler	8	static
../startup/startup_mcxn947_cm33_core0.c:1222:11:EDMA_1_CH2_IRQHandler	8	static
../startup/startup_mcxn947_cm33_core0.c:1227:11:EDMA_1_CH3_IRQHandler	8	static
../startup/startup_mcxn947_cm33_core0.c:1232:11:EDMA_1_CH4_IRQHandler	8	static
../startup/startup_mcxn947_cm33_core0.c:1237:11:EDMA_1_CH5_IRQHandler	8	static
../startup/startup_mcxn947_cm33_core0.c:1242:11:EDMA_1_CH6_IRQHandler	8	static
../startup/startup_mcxn947_cm33_core0.c:1247:11:EDMA_1_CH7_IRQHandler	8	static
../startup/startup_mcxn947_cm33_core0.c:1252:11:EDMA_1_CH8_IRQHandler	8	static
../startup/startup_mcxn947_cm33_core0.c:1257:11:EDMA_1_CH9_IRQHandler	8	static
../startup/startup_mcxn947_cm33_core0.c:1262:11:EDMA_1_CH10_IRQHandler	8	static
../startup/startup_mcxn947_cm33_core0.c:1267:11:EDMA_1_CH11_IRQHandler	8	static
../startup/startup_mcxn947_cm33_core0.c:1272:11:EDMA_1_CH12_IRQHandler	8	static
../startup/startup_mcxn947_cm33_core0.c:1277:11:EDMA_1_CH13_IRQHandler	8	static
../startup/startup_mcxn947_cm33_core0.c:1282:11:EDMA_1_CH14_IRQHandler	8	static
../startup/startup_mcxn947_cm33_core0.c:1287:11:EDMA_1_CH15_IRQHandler	8	static
../startup/startup_mcxn947_cm33_core0.c:1292:11:CDOG0_IRQHandler	8	static
../startup/startup_mcxn947_cm33_core0.c:1297:11:CDOG1_IRQHandler	8	static
../startup/startup_mcxn947_cm33_core0.c:1302:11:I3C0_IRQHandler	8	static
../startup/startup_mcxn947_cm33_core0.c:1307:11:I3C1_IRQHandler	8	static
../startup/startup_mcxn947_cm33_core0.c:1312:11:NPU_IRQHandler	8	static
../startup/startup_mcxn947_cm33_core0.c:1317:11:GDET_IRQHandler	8	static
../startup/startup_mcxn947_cm33_core0.c:1322:11:VBAT0_IRQHandler	8	static
../startup/startup_mcxn947_cm33_core0.c:1327:11:EWM0_IRQHandler	8	static
../startup/startup_mcxn947_cm33_core0.c:1332:11:TSI_END_OF_SCAN_IRQHandler	8	static
../startup/startup_mcxn947_cm33_core0.c:1337:11:TSI_OUT_OF_SCAN_IRQHandler	8	static
../startup/startup_mcxn947_cm33_core0.c:1342:11:EMVSIM0_IRQHandler	8	static
../startup/startup_mcxn947_cm33_core0.c:1347:11:EMVSIM1_IRQHandler	8	static
../startup/startup_mcxn947_cm33_core0.c:1352:11:FLEXIO_IRQHandler	8	static
../startup/startup_mcxn947_cm33_core0.c:1357:11:DAC0_IRQHandler	8	static
../startup/startup_mcxn947_cm33_core0.c:1362:11:DAC1_IRQHandler	8	static
../startup/startup_mcxn947_cm33_core0.c:1367:11:DAC2_IRQHandler	8	static
../startup/startup_mcxn947_cm33_core0.c:1372:11:HSCMP0_IRQHandler	8	static
../startup/startup_mcxn947_cm33_core0.c:1377:11:HSCMP1_IRQHandler	8	static
../startup/startup_mcxn947_cm33_core0.c:1382:11:HSCMP2_IRQHandler	8	static
../startup/startup_mcxn947_cm33_core0.c:1387:11:FLEXPWM0_RELOAD_ERROR_IRQHandler	8	static
../startup/startup_mcxn947_cm33_core0.c:1392:11:FLEXPWM0_FAULT_IRQHandler	8	static
../startup/startup_mcxn947_cm33_core0.c:1397:11:FLEXPWM0_SUBMODULE0_IRQHandler	8	static
../startup/startup_mcxn947_cm33_core0.c:1402:11:FLEXPWM0_SUBMODULE1_IRQHandler	8	static
../startup/startup_mcxn947_cm33_core0.c:1407:11:FLEXPWM0_SUBMODULE2_IRQHandler	8	static
../startup/startup_mcxn947_cm33_core0.c:1412:11:FLEXPWM0_SUBMODULE3_IRQHandler	8	static
../startup/startup_mcxn947_cm33_core0.c:1417:11:FLEXPWM1_RELOAD_ERROR_IRQHandler	8	static
../startup/startup_mcxn947_cm33_core0.c:1422:11:FLEXPWM1_FAULT_IRQHandler	8	static
../startup/startup_mcxn947_cm33_core0.c:1427:11:FLEXPWM1_SUBMODULE0_IRQHandler	8	static
../startup/startup_mcxn947_cm33_core0.c:1432:11:FLEXPWM1_SUBMODULE1_IRQHandler	8	static
../startup/startup_mcxn947_cm33_core0.c:1437:11:FLEXPWM1_SUBMODULE2_IRQHandler	8	static
../startup/startup_mcxn947_cm33_core0.c:1442:11:FLEXPWM1_SUBMODULE3_IRQHandler	8	static
../startup/startup_mcxn947_cm33_core0.c:1447:11:ENC0_COMPARE_IRQHandler	8	static
../startup/startup_mcxn947_cm33_core0.c:1452:11:ENC0_HOME_IRQHandler	8	static
../startup/startup_mcxn947_cm33_core0.c:1457:11:ENC0_WDG_SAB_IRQHandler	8	static
../startup/startup_mcxn947_cm33_core0.c:1462:11:ENC0_IDX_IRQHandler	8	static
../startup/startup_mcxn947_cm33_core0.c:1467:11:ENC1_COMPARE_IRQHandler	8	static
../startup/startup_mcxn947_cm33_core0.c:1472:11:ENC1_HOME_IRQHandler	8	static
../startup/startup_mcxn947_cm33_core0.c:1477:11:ENC1_WDG_SAB_IRQHandler	8	static
../startup/startup_mcxn947_cm33_core0.c:1482:11:ENC1_IDX_IRQHandler	8	static
../startup/startup_mcxn947_cm33_core0.c:1487:11:ITRC0_IRQHandler	8	static
../startup/startup_mcxn947_cm33_core0.c:1492:11:BSP32_IRQHandler	8	static
../startup/startup_mcxn947_cm33_core0.c:1497:11:ELS_ERR_IRQHandler	8	static
../startup/startup_mcxn947_cm33_core0.c:1502:11:PKC_ERR_IRQHandler	8	static
../startup/startup_mcxn947_cm33_core0.c:1507:11:ERM_SINGLE_BIT_ERROR_IRQHandler	8	static
../startup/startup_mcxn947_cm33_core0.c:1512:11:ERM_MULTI_BIT_ERROR_IRQHandler	8	static
../startup/startup_mcxn947_cm33_core0.c:1517:11:FMU0_IRQHandler	8	static
../startup/startup_mcxn947_cm33_core0.c:1522:11:ETHERNET_IRQHandler	8	static
../startup/startup_mcxn947_cm33_core0.c:1527:11:ETHERNET_PMT_IRQHandler	8	static
../startup/startup_mcxn947_cm33_core0.c:1532:11:ETHERNET_MACLP_IRQHandler	8	static
../startup/startup_mcxn947_cm33_core0.c:1537:11:SINC_FILTER_IRQHandler	8	static
../startup/startup_mcxn947_cm33_core0.c:1542:11:LPTMR0_IRQHandler	8	static
../startup/startup_mcxn947_cm33_core0.c:1547:11:LPTMR1_IRQHandler	8	static
../startup/startup_mcxn947_cm33_core0.c:1552:11:SCG_IRQHandler	8	static
../startup/startup_mcxn947_cm33_core0.c:1557:11:SPC_IRQHandler	8	static
../startup/startup_mcxn947_cm33_core0.c:1562:11:WUU_IRQHandler	8	static
../startup/startup_mcxn947_cm33_core0.c:1567:11:PORT_EFT_IRQHandler	8	static
../startup/startup_mcxn947_cm33_core0.c:1572:11:ETB0_IRQHandler	8	static
../startup/startup_mcxn947_cm33_core0.c:1577:11:SM3_IRQHandler	8	static
../startup/startup_mcxn947_cm33_core0.c:1582:11:TRNG0_IRQHandler	8	static
../startup/startup_mcxn947_cm33_core0.c:1587:11:WWDT0_IRQHandler	8	static
../startup/startup_mcxn947_cm33_core0.c:1592:11:WWDT1_IRQHandler	8	static
../startup/startup_mcxn947_cm33_core0.c:1597:11:CMC0_IRQHandler	8	static
../startup/startup_mcxn947_cm33_core0.c:1602:11:CTI0_IRQHandler	8	static
