../drivers/fsl_lpi2c.h:572:24:LPI2C_MasterGetStatusFlags	16	static
../drivers/fsl_lpi2c.h:1055:24:LPI2C_SlaveGetStatusFlags	16	static
../drivers/fsl_lpi2c_cmsis.c:111:27:LPI2Cx_GetVersion	16	static
../drivers/fsl_lpi2c_cmsis.c:117:29:LPI2Cx_GetCapabilities	4	static
../drivers/fsl_lpi2c_cmsis.c:443:13:KSDK_LPI2C_SLAVE_InterruptCallback	32	static
../drivers/fsl_lpi2c_cmsis.c:480:13:KSDK_LPI2C_MASTER_InterruptCallback	32	static
../drivers/fsl_lpi2c_cmsis.c:511:16:LPI2C_InterruptInitialize	16	static
../drivers/fsl_lpi2c_cmsis.c:522:16:LPI2C_InterruptUninitialize	16	static
../drivers/fsl_lpi2c_cmsis.c:528:16:LPI2C_Master_InterruptTransmit	56	static
../drivers/fsl_lpi2c_cmsis.c:580:16:LPI2C_Master_InterruptReceive	56	static
../drivers/fsl_lpi2c_cmsis.c:633:16:LPI2C_Slave_InterruptTransmit	32	static
../drivers/fsl_lpi2c_cmsis.c:670:16:LPI2C_Slave_InterruptReceive	32	static
../drivers/fsl_lpi2c_cmsis.c:705:16:LPI2C_InterruptGetDataCount	24	static
../drivers/fsl_lpi2c_cmsis.c:722:16:LPI2C_InterruptControl	40	static
../drivers/fsl_lpi2c_cmsis.c:803:16:LPI2C_InterruptPowerControl	88	static
../drivers/fsl_lpi2c_cmsis.c:886:23:LPI2C_InterruptGetStatus	32	static
../drivers/fsl_lpi2c_cmsis.c:1386:13:KSDK_LPI2C2_SLAVE_InterruptCallback	24	static
../drivers/fsl_lpi2c_cmsis.c:1391:16:LPI2C2_InterruptInitialize	16	static
../drivers/fsl_lpi2c_cmsis.c:1399:16:LPI2C2_InterruptUninitialize	8	static
../drivers/fsl_lpi2c_cmsis.c:1407:16:LPI2C2_InterruptPowerControl	16	static
../drivers/fsl_lpi2c_cmsis.c:1412:16:LPI2C2_Master_InterruptTransmit	32	static
../drivers/fsl_lpi2c_cmsis.c:1417:16:LPI2C2_Master_InterruptReceive	32	static
../drivers/fsl_lpi2c_cmsis.c:1422:16:LPI2C2_Slave_InterruptTransmit	16	static
../drivers/fsl_lpi2c_cmsis.c:1428:16:LPI2C2_Slave_InterruptReceive	16	static
../drivers/fsl_lpi2c_cmsis.c:1434:16:LPI2C2_InterruptGetDataCount	8	static
../drivers/fsl_lpi2c_cmsis.c:1439:16:LPI2C2_InterruptControl	16	static
../drivers/fsl_lpi2c_cmsis.c:1444:23:LPI2C2_InterruptGetStatus	8	static
