C:\Users\nxa11926\Documents\MCUXpressoIDE_11.9.0_2089_prc1\MCX_ACH_Github\frdmmcxn947_mpl3115_shield_pressure\CMSIS/core_cm33.h:2378:22:__NVIC_EnableIRQ	16	static
../drivers/fsl_clock.h:1511:20:CLOCK_EnableClock	24	static
../drivers/fsl_clock.h:1524:20:CLOCK_DisableClock	24	static
../drivers/fsl_common_arm.h:499:24:EnableIRQ	24	static
../drivers/fsl_common_arm.h:717:24:DisableGlobalIRQ	16	static
../drivers/fsl_common_arm.h:743:20:EnableGlobalIRQ	24	static
../drivers/fsl_edma.h:665:20:EDMA_SetChannelMux	24	static
../drivers/fsl_edma.h:694:20:EDMA_EnableChannelMasterIDReplication	24	static
../drivers/fsl_edma.h:715:20:EDMA_SetChannelSecurityLevel	24	static
../drivers/fsl_edma.h:736:20:EDMA_SetChannelProtectionLevel	24	static
../drivers/fsl_edma.c:49:17:EDMA_GetInstance	24	static
../drivers/fsl_edma.c:74:6:EDMA_InstallTCD	32	static
../drivers/fsl_edma.c:112:6:EDMA_Init	24	static
../drivers/fsl_edma.c:167:6:EDMA_Deinit	16	static
../drivers/fsl_edma.c:183:6:EDMA_InitChannel	24	static
../drivers/fsl_edma.c:231:6:EDMA_GetDefaultConfig	16	static
../drivers/fsl_edma.c:266:6:EDMA_ResetChannel	16	static
../drivers/fsl_edma.c:301:6:EDMA_SetTransferConfig	24	static
../drivers/fsl_edma.c:328:6:EDMA_SetMinorOffsetConfig	32	static
../drivers/fsl_edma.c:353:6:EDMA_SetMajorOffsetConfig	24	static
../drivers/fsl_edma.c:370:6:EDMA_SetChannelPreemptionConfig	32	static
../drivers/fsl_edma.c:409:6:EDMA_SetChannelLink	24	static
../drivers/fsl_edma.c:453:6:EDMA_SetModulo	32	static
../drivers/fsl_edma.c:469:6:EDMA_EnablchannelInterrupts	24	static
../drivers/fsl_edma.c:504:6:EDMA_DisablchannelInterrupts	24	static
../drivers/fsl_edma.c:539:6:EDMA_TcdReset	16	static
../drivers/fsl_edma.c:586:6:EDMA_TcdSetTransferConfig	24	static
../drivers/fsl_edma.c:626:6:EDMA_ConfigChannelSoftwareTCD	24	static
../drivers/fsl_edma.c:746:6:EDMA_TcdSetMinorOffsetConfig	24	static
../drivers/fsl_edma.c:770:6:EDMA_TcdSetMajorOffsetConfig	24	static
../drivers/fsl_edma.c:794:6:EDMA_TcdSetChannelLink	32	static
../drivers/fsl_edma.c:844:6:EDMA_TcdSetModulo	24	static
../drivers/fsl_edma.c:862:6:EDMA_TcdEnableInterrupts	16	static
../drivers/fsl_edma.c:886:6:EDMA_TcdDisableInterrupts	16	static
../drivers/fsl_edma.c:924:10:EDMA_GetRemainingMajorLoopCount	24	static
../drivers/fsl_edma.c:964:6:EDMA_EnableChannelInterrupts	24	static
../drivers/fsl_edma.c:1003:6:EDMA_DisableChannelInterrupts	24	static
../drivers/fsl_edma.c:1042:10:EDMA_GetChannelStatusFlags	24	static
../drivers/fsl_edma.c:1074:6:EDMA_ClearChannelStatusFlags	24	static
../drivers/fsl_edma.c:1124:6:EDMA_CreateHandle	32	static
../drivers/fsl_edma.c:1177:6:EDMA_InstallTCDMemory	24	static
../drivers/fsl_edma.c:1208:6:EDMA_SetCallback	24	static
../drivers/fsl_edma.c:1216:29:EDMA_TransferWidthMapping	24	static
../drivers/fsl_edma.c:1290:6:EDMA_PrepareTransferConfig	24	static
../drivers/fsl_edma.c:1366:6:EDMA_PrepareTransfer	56	static
../drivers/fsl_edma.c:1420:10:EDMA_SubmitTransfer	40	static
../drivers/fsl_edma.c:1613:10:EDMA_SubmitLoopTransfer	32	static
../drivers/fsl_edma.c:1684:6:EDMA_StartTransfer	24	static
../drivers/fsl_edma.c:1757:6:EDMA_StopTransfer	16	static
../drivers/fsl_edma.c:1775:6:EDMA_AbortTransfer	16	static
../drivers/fsl_edma.c:1822:6:EDMA_HandleIRQ	48	static
../drivers/fsl_edma.c:1958:6:EDMA_DriverIRQHandler	16	static
