C:\Users\nxa11926\Documents\MCUXpressoIDE_11.9.0_2089_prc1\MCX_ACH_Github\frdmmcxn947_mpl3115_shield_pressure\CMSIS/core_cm33.h:2378:22:__NVIC_EnableIRQ	16	static
../drivers/fsl_common_arm.h:499:24:EnableIRQ	24	static
../drivers/fsl_common_arm.h:717:24:DisableGlobalIRQ	16	static
../drivers/fsl_common_arm.h:743:20:EnableGlobalIRQ	24	static
../drivers/fsl_lpuart.h:419:20:LPUART_SoftwareReset	16	static
../drivers/fsl_lpuart.c:95:10:LPUART_GetInstance	24	static
../drivers/fsl_lpuart.c:119:8:LPUART_TransferGetRxRingBufferLength	32	static
../drivers/fsl_lpuart.c:140:13:LPUART_TransferIsRxRingBufferFull	24	static
../drivers/fsl_lpuart.c:157:13:LPUART_WriteNonBlocking	32	static
../drivers/fsl_lpuart.c:171:13:LPUART_ReadNonBlocking	40	static
../drivers/fsl_lpuart.c:225:10:LPUART_Init	56	static
../drivers/fsl_lpuart.c:463:6:LPUART_Deinit	24	static
../drivers/fsl_lpuart.c:519:6:LPUART_GetDefaultConfig	16	static
../drivers/fsl_lpuart.c:564:10:LPUART_SetBaudRate	56	static
../drivers/fsl_lpuart.c:656:6:LPUART_Enable9bitMode	24	static
../drivers/fsl_lpuart.c:690:6:LPUART_SendAddress	24	static
../drivers/fsl_lpuart.c:712:6:LPUART_EnableInterrupts	24	static
../drivers/fsl_lpuart.c:762:6:LPUART_DisableInterrupts	24	static
../drivers/fsl_lpuart.c:819:10:LPUART_GetEnabledInterrupts	24	static
../drivers/fsl_lpuart.c:866:10:LPUART_GetStatusFlags	24	static
../drivers/fsl_lpuart.c:906:10:LPUART_ClearStatusFlags	24	static
../drivers/fsl_lpuart.c:965:10:LPUART_WriteBlocking	32	static
../drivers/fsl_lpuart.c:1030:10:LPUART_ReadBlocking	48	static
../drivers/fsl_lpuart.c:1149:6:LPUART_TransferCreateHandle	40	static
../drivers/fsl_lpuart.c:1208:6:LPUART_TransferStartRingBuffer	32	static
../drivers/fsl_lpuart.c:1237:6:LPUART_TransferStopRingBuffer	24	static
../drivers/fsl_lpuart.c:1275:10:LPUART_TransferSendNonBlocking	32	static
../drivers/fsl_lpuart.c:1318:6:LPUART_TransferAbortSend	24	static
../drivers/fsl_lpuart.c:1343:10:LPUART_TransferGetSendCount	32	static
../drivers/fsl_lpuart.c:1401:10:LPUART_TransferReceiveNonBlocking	56	static
../drivers/fsl_lpuart.c:1540:6:LPUART_TransferAbortReceive	24	static
../drivers/fsl_lpuart.c:1571:10:LPUART_TransferGetReceiveCount	32	static
../drivers/fsl_lpuart.c:1599:6:LPUART_TransferHandleIRQ	64	static
../drivers/fsl_lpuart.c:1853:6:LPUART_TransferHandleErrorIRQ	16	static
