../drivers/fsl_clock.h:1511:20:CLOCK_EnableClock	24	static
../drivers/fsl_lpspi.h:508:20:LPSPI_Enable	16	static
../drivers/fsl_lpspi.h:782:20:LPSPI_IsMaster	16	static
../drivers/fsl_lpspi_cmsis.c:116:16:LPSPI_CommonControl	80	static
../drivers/fsl_lpspi_cmsis.c:354:13:LPSPI_SetTransferConfigFlags	24	static
../drivers/fsl_lpspi_cmsis.c:440:27:LPSPIx_GetVersion	16	static
../drivers/fsl_lpspi_cmsis.c:445:29:LPSPIx_GetCapabilities	4	static
../drivers/fsl_lpspi_cmsis.c:880:13:KSDK_LPSPI_MasterInterruptCallback	32	static
../drivers/fsl_lpspi_cmsis.c:906:13:KSDK_LPSPI_SlaveInterruptCallback	32	static
../drivers/fsl_lpspi_cmsis.c:932:16:LPSPI_InterruptInitialize	16	static
../drivers/fsl_lpspi_cmsis.c:943:16:LPSPI_InterruptUninitialize	16	static
../drivers/fsl_lpspi_cmsis.c:949:16:LPSPI_InterruptPowerControl	24	static
../drivers/fsl_lpspi_cmsis.c:989:16:LPSPI_InterruptSend	56	static
../drivers/fsl_lpspi_cmsis.c:1030:16:LPSPI_InterruptReceive	56	static
../drivers/fsl_lpspi_cmsis.c:1071:16:LPSPI_InterruptTransfer	56	static
../drivers/fsl_lpspi_cmsis.c:1115:17:LPSPI_InterruptGetCount	24	static
../drivers/fsl_lpspi_cmsis.c:1134:16:LPSPI_InterruptControl	48	static
../drivers/fsl_lpspi_cmsis.c:1248:23:LPSPI_InterruptGetStatus	24	static
../drivers/fsl_lpspi_cmsis.c:1550:16:LPSPI1_InterruptInitialize	16	static
../drivers/fsl_lpspi_cmsis.c:1558:16:LPSPI1_InterruptUninitialize	8	static
../drivers/fsl_lpspi_cmsis.c:1566:16:LPSPI1_InterruptPowerControl	16	static
../drivers/fsl_lpspi_cmsis.c:1571:16:LPSPI1_InterruptSend	16	static
../drivers/fsl_lpspi_cmsis.c:1576:16:LPSPI1_InterruptReceive	16	static
../drivers/fsl_lpspi_cmsis.c:1581:16:LPSPI1_InterruptTransfer	24	static
../drivers/fsl_lpspi_cmsis.c:1586:17:LPSPI1_InterruptGetCount	8	static
../drivers/fsl_lpspi_cmsis.c:1591:16:LPSPI1_InterruptControl	16	static
../drivers/fsl_lpspi_cmsis.c:1596:23:LPSPI1_InterruptGetStatus	8	static
