../drivers/fsl_lpuart.h:785:20:LPUART_EnableTx	16	static
../drivers/fsl_lpuart.h:805:20:LPUART_EnableRx	16	static
../drivers/fsl_lpuart_cmsis.c:332:16:LPUART_CommonControl	80	static
../drivers/fsl_lpuart_cmsis.c:471:27:LPUARTx_GetVersion	16	static
../drivers/fsl_lpuart_cmsis.c:476:31:LPUARTx_GetCapabilities	4	static
../drivers/fsl_lpuart_cmsis.c:481:16:LPUARTx_SetModemControl	16	static
../drivers/fsl_lpuart_cmsis.c:486:31:LPUARTx_GetModemStatus	16	static
../drivers/fsl_lpuart_cmsis.c:1067:13:KSDK_LPUART_NonBlockingCallback	32	static
../drivers/fsl_lpuart_cmsis.c:1091:16:LPUART_NonBlockingInitialize	16	static
../drivers/fsl_lpuart_cmsis.c:1103:16:LPUART_NonBlockingUninitialize	16	static
../drivers/fsl_lpuart_cmsis.c:1109:16:LPUART_NonBlockingPowerControl	72	static
../drivers/fsl_lpuart_cmsis.c:1158:16:LPUART_NonBlockingSend	40	static
../drivers/fsl_lpuart_cmsis.c:1188:16:LPUART_NonBlockingReceive	40	static
../drivers/fsl_lpuart_cmsis.c:1218:16:LPUART_NonBlockingTransfer	24	static
../drivers/fsl_lpuart_cmsis.c:1227:17:LPUART_NonBlockingGetTxCount	24	static
../drivers/fsl_lpuart_cmsis.c:1240:17:LPUART_NonBlockingGetRxCount	24	static
../drivers/fsl_lpuart_cmsis.c:1252:16:LPUART_NonBlockingControl	32	static
../drivers/fsl_lpuart_cmsis.c:1295:25:LPUART_NonBlockingGetStatus	24	static
../drivers/fsl_lpuart_cmsis.c:2788:16:LPUART4_NonBlockingInitialize	16	static
../drivers/fsl_lpuart_cmsis.c:2796:16:LPUART4_NonBlockingUninitialize	8	static
../drivers/fsl_lpuart_cmsis.c:2804:16:LPUART4_NonBlockingPowerControl	24	static
../drivers/fsl_lpuart_cmsis.c:2822:16:LPUART4_NonBlockingSend	16	static
../drivers/fsl_lpuart_cmsis.c:2827:16:LPUART4_NonBlockingReceive	16	static
../drivers/fsl_lpuart_cmsis.c:2832:16:LPUART4_NonBlockingTransfer	24	static
../drivers/fsl_lpuart_cmsis.c:2837:17:LPUART4_NonBlockingGetTxCount	8	static
../drivers/fsl_lpuart_cmsis.c:2842:17:LPUART4_NonBlockingGetRxCount	8	static
../drivers/fsl_lpuart_cmsis.c:2847:16:LPUART4_NonBlockingControl	24	static
../drivers/fsl_lpuart_cmsis.c:2868:25:LPUART4_NonBlockingGetStatus	8	static
