../drivers/fsl_lpspi.h:508:20:LPSPI_Enable	16	static
../drivers/fsl_lpspi.h:554:23:LPSPI_GetRxFifoSize	16	static
../drivers/fsl_lpspi.h:574:24:LPSPI_GetRxFifoCount	16	static
../drivers/fsl_lpspi.h:592:20:LPSPI_ClearStatusFlags	16	static
../drivers/fsl_lpspi.h:634:20:LPSPI_DisableInterrupts	16	static
../drivers/fsl_lpspi.h:659:20:LPSPI_EnableDMA	16	static
../drivers/fsl_lpspi.h:675:20:LPSPI_DisableDMA	16	static
../drivers/fsl_lpspi.h:690:24:LPSPI_GetTxRegisterAddress	16	static
../drivers/fsl_lpspi.h:705:24:LPSPI_GetRxRegisterAddress	16	static
../drivers/fsl_lpspi.h:794:20:LPSPI_FlushFifo	16	static
../drivers/fsl_lpspi.h:810:20:LPSPI_SetFifoWatermarks	24	static
../drivers/fsl_lpspi.h:969:24:LPSPI_ReadData	16	static
../drivers/fsl_lpspi_edma.c:74:13:LPSPI_SeparateEdmaReadData	24	static
../drivers/fsl_lpspi_edma.c:148:6:LPSPI_MasterTransferCreateHandleEDMA	32	static
../drivers/fsl_lpspi_edma.c:174:13:LPSPI_PrepareTransferEDMA	16	static
../drivers/fsl_lpspi_edma.c:200:10:LPSPI_MasterTransferEDMA	216	static
../drivers/fsl_lpspi_edma.c:520:13:EDMA_LpspiMasterCallback	48	static
../drivers/fsl_lpspi_edma.c:571:6:LPSPI_MasterTransferAbortEDMA	16	static
../drivers/fsl_lpspi_edma.c:593:10:LPSPI_MasterTransferGetCountEDMA	40	static
../drivers/fsl_lpspi_edma.c:640:6:LPSPI_SlaveTransferCreateHandleEDMA	32	static
../drivers/fsl_lpspi_edma.c:683:10:LPSPI_SlaveTransferEDMA	208	static
../drivers/fsl_lpspi_edma.c:953:13:EDMA_LpspiSlaveCallback	48	static
../drivers/fsl_lpspi_edma.c:1004:6:LPSPI_SlaveTransferAbortEDMA	16	static
../drivers/fsl_lpspi_edma.c:1026:10:LPSPI_SlaveTransferGetCountEDMA	40	static
