../drivers/fsl_spc.h:654:34:SPC_GetActiveModeBandgapMode	16	static
../drivers/fsl_spc.h:666:24:SPC_GetActiveModeVoltageDetectStatus	24	static
../drivers/fsl_spc.h:697:20:SPC_EnableActiveModeCMPBandgapBuffer	16	static
../drivers/fsl_spc.h:809:34:SPC_GetLowPowerModeBandgapMode	16	static
../drivers/fsl_spc.h:820:24:SPC_GetLowPowerModeVoltageDetectStatus	24	static
../drivers/fsl_spc.h:840:20:SPC_EnableLowPowerModeLowPowerIREF	16	static
../drivers/fsl_spc.h:880:20:SPC_EnableLowPowerModeCMPBandgapBufferMode	16	static
../drivers/fsl_spc.h:904:20:SPC_EnableLowPowerModeCoreVDDInternalVoltageScaling	16	static
../drivers/fsl_spc.h:1506:44:SPC_GetActiveModeCoreLDOVDDVoltageLevel	16	static
../drivers/fsl_spc.h:1533:45:SPC_GetActiveModeCoreLDODriveStrength	16	static
../drivers/fsl_spc.h:1585:44:SPC_GetLowPowerCoreLDOVDDVoltageLevel	16	static
../drivers/fsl_spc.h:1610:45:SPC_GetLowPowerCoreLDOVDDDriveStrength	16	static
../drivers/fsl_spc.h:1853:20:SPC_SetActiveModeDCDCRegulatorVoltageLevel	16	static
../drivers/fsl_spc.h:1921:20:SPC_SetLowPowerModeDCDCRegulatorVoltageLevel	16	static
../drivers/fsl_spc.c:46:35:SPC_GetPowerDomainLowPowerMode	24	static
../drivers/fsl_spc.c:64:9:SPC_GetPeriphIOIsolationStatus	24	static
../drivers/fsl_spc.c:80:6:SPC_SetLowPowerRequestConfig	24	static
../drivers/fsl_spc.c:108:6:SPC_ConfigVddCoreGlitchDetector	24	static
../drivers/fsl_spc.c:132:6:SPC_SetSRAMOperateVoltage	24	static
../drivers/fsl_spc.c:166:10:SPC_SetActiveModeBandgapModeConfig	24	static
../drivers/fsl_spc.c:226:10:SPC_SetLowPowerModeBandgapmodeConfig	24	static
../drivers/fsl_spc.c:278:6:SPC_SetCoreVoltageDetectConfig	24	static
../drivers/fsl_spc.c:305:10:SPC_EnableActiveModeCoreHighVoltageDetect	24	static
../drivers/fsl_spc.c:334:10:SPC_EnableActiveModeCoreLowVoltageDetect	24	static
../drivers/fsl_spc.c:364:10:SPC_EnableLowPowerModeCoreHighVoltageDetect	24	static
../drivers/fsl_spc.c:393:10:SPC_EnableLowPowerModeCoreLowVoltageDetect	24	static
../drivers/fsl_spc.c:418:6:SPC_SetSystemVDDLowVoltageLevel	24	static
../drivers/fsl_spc.c:441:6:SPC_SetSystemVoltageDetectConfig	24	static
../drivers/fsl_spc.c:472:10:SPC_EnableActiveModeSystemHighVoltageDetect	24	static
../drivers/fsl_spc.c:502:10:SPC_EnableActiveModeSystemLowVoltageDetect	24	static
../drivers/fsl_spc.c:532:10:SPC_EnableLowPowerModeSystemHighVoltageDetect	24	static
../drivers/fsl_spc.c:562:10:SPC_EnableLowPowerModeSystemLowVoltageDetect	24	static
../drivers/fsl_spc.c:587:6:SPC_SetIOVDDLowVoltageLevel	24	static
../drivers/fsl_spc.c:610:6:SPC_SetIOVoltageDetectConfig	24	static
../drivers/fsl_spc.c:644:10:SPC_EnableActiveModeIOHighVoltageDetect	24	static
../drivers/fsl_spc.c:674:10:SPC_EnableActiveModeIOLowVoltageDetect	24	static
../drivers/fsl_spc.c:703:10:SPC_EnableLowPowerModeIOHighVoltageDetect	24	static
../drivers/fsl_spc.c:732:10:SPC_EnableLowPowerModeIOLowVoltageDetect	24	static
../drivers/fsl_spc.c:757:6:SPC_SetExternalVoltageDomainsConfig	24	static
../drivers/fsl_spc.c:780:10:SPC_SetActiveModeCoreLDORegulatorConfig	24	static
../drivers/fsl_spc.c:838:10:SPC_SetActiveModeCoreLDORegulatorVoltageLevel	16	static
../drivers/fsl_spc.c:859:10:SPC_SetActiveModeCoreLDORegulatorDriveStrength	16	static
../drivers/fsl_spc.c:906:10:SPC_SetLowPowerModeCoreLDORegulatorConfig	32	static
../drivers/fsl_spc.c:970:10:SPC_SetLowPowerModeCoreLDORegulatorVoltageLevel	16	static
../drivers/fsl_spc.c:1000:10:SPC_SetLowPowerModeCoreLDORegulatorDriveStrength	16	static
../drivers/fsl_spc.c:1048:10:SPC_SetActiveModeSystemLDORegulatorConfig	24	static
../drivers/fsl_spc.c:1092:10:SPC_SetActiveModeSystemLDORegulatorVoltageLevel	16	static
../drivers/fsl_spc.c:1121:10:SPC_SetActiveModeSystemLDORegulatorDriveStrength	16	static
../drivers/fsl_spc.c:1162:10:SPC_SetLowPowerModeSystemLDORegulatorConfig	24	static
../drivers/fsl_spc.c:1199:10:SPC_SetLowPowerModeSystemLDORegulatorDriveStrength	16	static
../drivers/fsl_spc.c:1236:10:SPC_SetActiveModeDCDCRegulatorConfig	24	static
../drivers/fsl_spc.c:1279:10:SPC_SetActiveModeDCDCRegulatorDriveStrength	16	static
../drivers/fsl_spc.c:1323:10:SPC_SetLowPowerModeDCDCRegulatorConfig	24	static
../drivers/fsl_spc.c:1364:10:SPC_SetLowPowerModeDCDCRegulatorDriveStrength	16	static
../drivers/fsl_spc.c:1396:6:SPC_SetDCDCBurstConfig	24	static
../drivers/fsl_spc.c:1430:6:SPC_SetDCDCRefreshCount	24	static
../drivers/fsl_spc.c:1456:10:SPC_SetActiveModeRegulatorsConfig	24	static
../drivers/fsl_spc.c:1534:10:SPC_SetLowPowerModeRegulatorsConfig	24	static
