C:\Users\nxa11926\Documents\MCUXpressoIDE_11.9.0_2089_prc1\MCX_ACH_Github\frdmmcxn947_mpl3115_shield_pressure\CMSIS/core_cm33.h:2378:22:__NVIC_EnableIRQ	16	static
../drivers/fsl_common_arm.h:499:24:EnableIRQ	24	static
../drivers/fsl_lpuart.h:717:24:LPUART_GetDataRegisterAddress	16	static
../drivers/fsl_lpuart.h:730:20:LPUART_EnableTxDMA	16	static
../drivers/fsl_lpuart.h:750:20:LPUART_EnableRxDMA	16	static
../drivers/fsl_lpuart_edma.c:134:13:LPUART_SendEDMACallback	32	static
../drivers/fsl_lpuart_edma.c:157:13:LPUART_ReceiveEDMACallback	40	static
../drivers/fsl_lpuart_edma.c:192:6:LPUART_TransferCreateHandleEDMA	32	static
../drivers/fsl_lpuart_edma.c:270:10:LPUART_SendEDMA	128	static
../drivers/fsl_lpuart_edma.c:329:10:LPUART_ReceiveEDMA	128	static
../drivers/fsl_lpuart_edma.c:382:6:LPUART_TransferAbortSendEDMA	16	static
../drivers/fsl_lpuart_edma.c:404:6:LPUART_TransferAbortReceiveEDMA	16	static
../drivers/fsl_lpuart_edma.c:430:10:LPUART_TransferGetReceiveCountEDMA	32	static
../drivers/fsl_lpuart_edma.c:461:10:LPUART_TransferGetSendCountEDMA	32	static
../drivers/fsl_lpuart_edma.c:490:6:LPUART_TransferEdmaHandleIRQ	32	static
