C:\Users\nxa11926\Documents\MCUXpressoIDE_11.9.0_2089_prc1\MCX_ACH_Github\frdmmcxn947_mpl3115_shield_pressure\CMSIS/core_cm33.h:2378:22:__NVIC_EnableIRQ	16	static
../drivers/fsl_common_arm.h:499:24:EnableIRQ	24	static
../drivers/fsl_lpi2c.h:538:20:LPI2C_MasterReset	16	static
../drivers/fsl_lpi2c.h:550:20:LPI2C_MasterEnable	16	static
../drivers/fsl_lpi2c.h:572:24:LPI2C_MasterGetStatusFlags	16	static
../drivers/fsl_lpi2c.h:597:20:LPI2C_MasterClearStatusFlags	16	static
../drivers/fsl_lpi2c.h:617:20:LPI2C_MasterEnableInterrupts	16	static
../drivers/fsl_lpi2c.h:632:20:LPI2C_MasterDisableInterrupts	16	static
../drivers/fsl_lpi2c.h:644:24:LPI2C_MasterGetEnabledInterrupts	16	static
../drivers/fsl_lpi2c.h:704:20:LPI2C_MasterSetWatermarks	24	static
../drivers/fsl_lpi2c.h:718:20:LPI2C_MasterGetFifoCounts	24	static
../drivers/fsl_lpi2c.h:1021:20:LPI2C_SlaveReset	16	static
../drivers/fsl_lpi2c.h:1055:24:LPI2C_SlaveGetStatusFlags	16	static
../drivers/fsl_lpi2c.h:1077:20:LPI2C_SlaveClearStatusFlags	16	static
../drivers/fsl_lpi2c.h:1097:20:LPI2C_SlaveEnableInterrupts	16	static
../drivers/fsl_lpi2c.h:1112:20:LPI2C_SlaveDisableInterrupts	16	static
../drivers/fsl_lpi2c.h:1177:20:LPI2C_SlaveTransmitAck	16	static
../drivers/fsl_lpi2c.c:103:10:LPI2C_GetInstance	24	static
../drivers/fsl_lpi2c.c:126:17:LPI2C_GetCyclesForWidth	40	static
../drivers/fsl_lpi2c.c:168:10:LPI2C_MasterCheckAndClearError	24	static
../drivers/fsl_lpi2c.c:222:17:LPI2C_MasterWaitForTxReady	32	static
../drivers/fsl_lpi2c.c:270:10:LPI2C_CheckForBusyBus	24	static
../drivers/fsl_lpi2c.c:307:6:LPI2C_MasterGetDefaultConfig	16	static
../drivers/fsl_lpi2c.c:340:6:LPI2C_MasterInit	56	static
../drivers/fsl_lpi2c.c:439:6:LPI2C_MasterDeinit	16	static
../drivers/fsl_lpi2c.c:455:6:LPI2C_MasterConfigureDataMatch	24	static
../drivers/fsl_lpi2c.c:486:6:LPI2C_MasterSetBaudRate	64	static
../drivers/fsl_lpi2c.c:625:10:LPI2C_MasterStart	24	static
../drivers/fsl_lpi2c.c:662:10:LPI2C_MasterStop	24	static
../drivers/fsl_lpi2c.c:723:10:LPI2C_MasterReceive	40	static
../drivers/fsl_lpi2c.c:825:10:LPI2C_MasterSend	32	static
../drivers/fsl_lpi2c.c:864:10:LPI2C_MasterTransferBlocking	48	static
../drivers/fsl_lpi2c.c:982:6:LPI2C_MasterTransferCreateHandle	32	static
../drivers/fsl_lpi2c.c:1027:17:LPI2C_RunTransferStateMachine	64	static
../drivers/fsl_lpi2c.c:1254:13:LPI2C_InitTransferStateMachine	40	static
../drivers/fsl_lpi2c.c:1327:10:LPI2C_MasterTransferNonBlocking	40	static
../drivers/fsl_lpi2c.c:1389:10:LPI2C_MasterTransferGetCount	40	static
../drivers/fsl_lpi2c.c:1457:6:LPI2C_MasterTransferAbort	16	static
../drivers/fsl_lpi2c.c:1487:6:LPI2C_MasterTransferHandleIRQ	40	static
../drivers/fsl_lpi2c.c:1558:6:LPI2C_SlaveGetDefaultConfig	16	static
../drivers/fsl_lpi2c.c:1597:6:LPI2C_SlaveInit	48	static
../drivers/fsl_lpi2c.c:1665:6:LPI2C_SlaveDeinit	16	static
../drivers/fsl_lpi2c.c:1682:17:LPI2C_SlaveCheckAndClearError	24	static
../drivers/fsl_lpi2c.c:1722:10:LPI2C_SlaveSend	40	static
../drivers/fsl_lpi2c.c:1809:10:LPI2C_SlaveReceive	40	static
../drivers/fsl_lpi2c.c:1903:6:LPI2C_SlaveTransferCreateHandle	32	static
../drivers/fsl_lpi2c.c:1961:10:LPI2C_SlaveTransferNonBlocking	32	static
../drivers/fsl_lpi2c.c:2018:10:LPI2C_SlaveTransferGetCount	32	static
../drivers/fsl_lpi2c.c:2053:6:LPI2C_SlaveTransferAbort	16	static
../drivers/fsl_lpi2c.c:2081:6:LPI2C_SlaveTransferHandleIRQ	32	static
