../drivers/fsl_clock.h:1511:20:CLOCK_EnableClock	24	static
../drivers/fsl_clock.h:1524:20:CLOCK_DisableClock	24	static
../drivers/fsl_lpflexcomm.c:73:13:LP_FLEXCOMM_PeripheralIsPresent	16	static
../drivers/fsl_lpflexcomm.c:94:10:LP_FLEXCOMM_GetInterruptStatus	24	static
../drivers/fsl_lpflexcomm.c:102:10:LP_FLEXCOMM_GetInstance	24	static
../drivers/fsl_lpflexcomm.c:121:17:LP_FLEXCOMM_SetPeriph	32	static
../drivers/fsl_lpflexcomm.c:153:10:LP_FLEXCOMM_Init	16	static
../drivers/fsl_lpflexcomm.c:170:6:LP_FLEXCOMM_Deinit	16	static
../drivers/fsl_lpflexcomm.c:182:6:LP_FLEXCOMM_SetIRQHandler	24	static
../drivers/fsl_lpflexcomm.c:194:13:LP_FLEXCOMM_CommonIRQHandler	24	static
../drivers/fsl_lpflexcomm.c:230:6:LP_FLEXCOMM0_DriverIRQHandler	8	static
../drivers/fsl_lpflexcomm.c:238:6:LP_FLEXCOMM1_DriverIRQHandler	8	static
../drivers/fsl_lpflexcomm.c:246:6:LP_FLEXCOMM2_DriverIRQHandler	8	static
../drivers/fsl_lpflexcomm.c:254:6:LP_FLEXCOMM3_DriverIRQHandler	8	static
../drivers/fsl_lpflexcomm.c:262:6:LP_FLEXCOMM4_DriverIRQHandler	8	static
../drivers/fsl_lpflexcomm.c:270:6:LP_FLEXCOMM5_DriverIRQHandler	8	static
../drivers/fsl_lpflexcomm.c:278:6:LP_FLEXCOMM6_DriverIRQHandler	8	static
../drivers/fsl_lpflexcomm.c:286:6:LP_FLEXCOMM7_DriverIRQHandler	8	static
../drivers/fsl_lpflexcomm.c:294:6:LP_FLEXCOMM8_DriverIRQHandler	8	static
../drivers/fsl_lpflexcomm.c:302:6:LP_FLEXCOMM9_DriverIRQHandler	8	static
