../drivers/fsl_clock.h:1915:22:CLOCK_IsPLL0Locked	4	static
../drivers/fsl_clock.h:1923:22:CLOCK_IsPLL1Locked	4	static
../drivers/fsl_clock.c:145:10:CLOCK_SetupFROHFClocking	16	static
../drivers/fsl_clock.c:179:10:CLOCK_SetupExtClocking	24	static
../drivers/fsl_clock.c:253:10:CLOCK_SetupOsc32KClocking	16	static
../drivers/fsl_clock.c:295:10:CLOCK_SetupClk16KClocking	16	static
../drivers/fsl_clock.c:313:10:CLOCK_FROHFTrimConfig	16	static
../drivers/fsl_clock.c:338:10:CLOCK_FRO12MTrimConfig	16	static
../drivers/fsl_clock.c:367:6:CLOCK_SetSysOscMonitorMode	24	static
../drivers/fsl_clock.c:386:6:CLOCK_SetRoscMonitorMode	24	static
../drivers/fsl_clock.c:405:6:CLOCK_SetUpllMonitorMode	24	static
../drivers/fsl_clock.c:424:6:CLOCK_SetPll0MonitorMode	24	static
../drivers/fsl_clock.c:443:6:CLOCK_SetPll1MonitorMode	24	static
../drivers/fsl_clock.c:460:10:CLOCK_SetFLASHAccessCyclesForFreq	24	static
../drivers/fsl_clock.c:538:6:VBAT_SetOscConfig	24	static
../drivers/fsl_clock.c:583:6:CLOCK_AttachClk	40	static
../drivers/fsl_clock.c:632:19:CLOCK_GetClockAttachId	48	static
../drivers/fsl_clock.c:681:6:CLOCK_SetClkDiv	24	static
../drivers/fsl_clock.c:705:10:CLOCK_GetClkDiv	24	static
../drivers/fsl_clock.c:730:6:CLOCK_HaltClkDiv	24	static
../drivers/fsl_clock.c:748:6:CLOCK_SetupClockCtrl	16	static
../drivers/fsl_clock.c:759:10:CLOCK_GetFreq	24	static
../drivers/fsl_clock.c:848:10:CLOCK_GetCTimerClkFreq	24	static
../drivers/fsl_clock.c:902:10:CLOCK_GetAdcClkFreq	24	static
../drivers/fsl_clock.c:942:10:CLOCK_GetUsb0ClkFreq	16	static
../drivers/fsl_clock.c:979:10:CLOCK_GetLPFlexCommClkFreq	24	static
../drivers/fsl_clock.c:1015:10:CLOCK_GetSctClkFreq	16	static
../drivers/fsl_clock.c:1054:10:CLOCK_GetTsiClkFreq	16	static
../drivers/fsl_clock.c:1078:10:CLOCK_GetSincFilterClkFreq	16	static
../drivers/fsl_clock.c:1113:10:CLOCK_GetDacClkFreq	24	static
../drivers/fsl_clock.c:1146:10:CLOCK_GetFlexspiClkFreq	16	static
../drivers/fsl_clock.c:1175:10:CLOCK_GetPll0OutFreq	32	static
../drivers/fsl_clock.c:1203:10:CLOCK_GetPll1OutFreq	32	static
../drivers/fsl_clock.c:1231:10:CLOCK_GetPllClkDivFreq	16	static
../drivers/fsl_clock.c:1258:10:CLOCK_GetExtUpllFreq	4	static
../drivers/fsl_clock.c:1272:6:CLOCK_SetExtUpllFreq	16	static
../drivers/fsl_clock.c:1281:10:CLOCK_GetI3cClkFreq	24	static
../drivers/fsl_clock.c:1317:10:CLOCK_GetI3cSTCClkFreq	24	static
../drivers/fsl_clock.c:1364:10:CLOCK_GetI3cSClkFreq	24	static
../drivers/fsl_clock.c:1389:10:CLOCK_GetMicfilClkFreq	16	static
../drivers/fsl_clock.c:1430:10:CLOCK_GetUsdhcClkFreq	16	static
../drivers/fsl_clock.c:1465:10:CLOCK_GetFlexioClkFreq	16	static
../drivers/fsl_clock.c:1500:10:CLOCK_GetFlexcanClkFreq	24	static
../drivers/fsl_clock.c:1536:10:CLOCK_GetEnetRmiiClkFreq	16	static
../drivers/fsl_clock.c:1563:10:CLOCK_GetEnetPtpRefClkFreq	16	static
../drivers/fsl_clock.c:1593:6:CLOCK_SetupEnetTxClk	16	static
../drivers/fsl_clock.c:1604:10:CLOCK_GetEnetTxClkFreq	4	static
../drivers/fsl_clock.c:1613:10:CLOCK_GetEwm0ClkFreq	16	static
../drivers/fsl_clock.c:1637:10:CLOCK_GetWdtClkFreq	24	static
../drivers/fsl_clock.c:1675:10:CLOCK_GetOstimerClkFreq	16	static
../drivers/fsl_clock.c:1702:10:CLOCK_GetCmpFClkFreq	24	static
../drivers/fsl_clock.c:1742:10:CLOCK_GetCmpRRClkFreq	24	static
../drivers/fsl_clock.c:1782:10:CLOCK_GetSaiClkFreq	24	static
../drivers/fsl_clock.c:1818:6:CLOCK_SetupSaiMclk	16	static
../drivers/fsl_clock.c:1829:6:CLOCK_SetupSaiTxBclk	16	static
../drivers/fsl_clock.c:1840:6:CLOCK_SetupSaiRxBclk	16	static
../drivers/fsl_clock.c:1851:10:CLOCK_GetSaiMclkFreq	16	static
../drivers/fsl_clock.c:1860:10:CLOCK_GetSaiTxBclkFreq	16	static
../drivers/fsl_clock.c:1869:10:CLOCK_GetSaiRxBclkFreq	16	static
../drivers/fsl_clock.c:1878:10:CLOCK_GetEmvsimClkFreq	24	static
../drivers/fsl_clock.c:1915:10:CLOCK_GetPLL0InClockRate	16	static
../drivers/fsl_clock.c:1939:10:CLOCK_GetPLL1InClockRate	16	static
../drivers/fsl_clock.c:1967:10:CLOCK_GetPLLOutFromSetup	40	static
../drivers/fsl_clock.c:1995:13:CLOCK_SetupPLLData	24	static
../drivers/fsl_clock.c:2046:13:CLOCK_SetPLL0Freq	40	static
../drivers/fsl_clock.c:2104:13:CLOCK_SetPLL1Freq	40	static
../drivers/fsl_clock.c:2154:6:CLOCK_EnableOstimer32kClock	4	static
../drivers/fsl_clock.c:2163:17:CLOCK_GetFro12MFreq	4	static
../drivers/fsl_clock.c:2172:17:CLOCK_GetClk1MFreq	4	static
../drivers/fsl_clock.c:2181:17:CLOCK_GetFroHfFreq	16	static
../drivers/fsl_clock.c:2205:17:CLOCK_GetClk48MFreq	4	static
../drivers/fsl_clock.c:2214:17:CLOCK_GetClk144MFreq	4	static
../drivers/fsl_clock.c:2223:17:CLOCK_GetClk16KFreq	16	static
../drivers/fsl_clock.c:2234:17:CLOCK_GetExtClkFreq	4	static
../drivers/fsl_clock.c:2243:17:CLOCK_GetOsc32KFreq	16	static
../drivers/fsl_clock.c:2254:10:CLOCK_GetMainClkFreq	16	static
../drivers/fsl_clock.c:2293:10:CLOCK_GetCoreSysClkFreq	16	static
../drivers/fsl_clock.c:2306:17:CLOCK_GetSystickClkFreq	24	static
../drivers/fsl_clock.c:2333:17:CLOCK_GetClockOutClkFreq	16	static
../drivers/fsl_clock.c:2374:17:CLOCK_GetLposcFreq	16	static
../drivers/fsl_clock.c:2395:13:pllFindSel	32	static
../drivers/fsl_clock.c:2439:17:findPll0PreDiv	16	static
../drivers/fsl_clock.c:2456:17:findPll1PreDiv	16	static
../drivers/fsl_clock.c:2473:17:findPll0PostDiv	16	static
../drivers/fsl_clock.c:2497:17:findPll1PostDiv	16	static
../drivers/fsl_clock.c:2521:14:findPll0MMult	24	static
../drivers/fsl_clock.c:2547:14:findPll1MMult	24	static
../drivers/fsl_clock.c:2573:17:FindGreatestCommonDivisor	24	static
../drivers/fsl_clock.c:2599:20:CLOCK_GetPllConfig	32	static
../drivers/fsl_clock.c:2654:20:CLOCK_GetPllConfigInternal	128	static
../drivers/fsl_clock.c:2811:17:CLOCK_GetPLLInClockRateFromSetup	24	static
../drivers/fsl_clock.c:2835:17:findPllPreDivFromSetup	24	static
../drivers/fsl_clock.c:2852:17:findPllPostDivFromSetup	24	static
../drivers/fsl_clock.c:2876:14:findPllMMultFromSetup	32	static
../drivers/fsl_clock.c:2904:6:CLOCK_EnableUsbfsClock	8	static
../drivers/fsl_clock.c:2925:6:CLOCK_EnableUsbhsPhyPllClock	24	static
../drivers/fsl_clock.c:3013:6:CLOCK_DisableUsbhsPhyPllClock	4	static
../drivers/fsl_clock.c:3022:6:CLOCK_EnableUsbhsClock	16	static
