Archive member included to satisfy reference by file (symbol)

c:/nxp/mcuxpressoide_11.9.0_2089_prc1/ide/plugins/com.nxp.mcuxpresso.tools.win32_11.9.0.202307121226/tools/bin/../lib/gcc/arm-none-eabi/12.3.1/../../../../arm-none-eabi/lib/thumb/v8-m.main+fp/hard\libcr_nohost_nf.a(_cr__main.o)
                              ./startup/startup_mcxn947_cm33_core0.o (__main)
c:/nxp/mcuxpressoide_11.9.0_2089_prc1/ide/plugins/com.nxp.mcuxpresso.tools.win32_11.9.0.202307121226/tools/bin/../lib/gcc/arm-none-eabi/12.3.1/../../../../arm-none-eabi/lib/thumb/v8-m.main+fp/hard\libcr_c.a(memcpy.o)
                              ./utilities/fsl_str.o (memcpy)
c:/nxp/mcuxpressoide_11.9.0_2089_prc1/ide/plugins/com.nxp.mcuxpresso.tools.win32_11.9.0.202307121226/tools/bin/../lib/gcc/arm-none-eabi/12.3.1/../../../../arm-none-eabi/lib/thumb/v8-m.main+fp/hard\libcr_c.a(memset.o)
                              ./utilities/fsl_debug_console.o (memset)
c:/nxp/mcuxpressoide_11.9.0_2089_prc1/ide/plugins/com.nxp.mcuxpresso.tools.win32_11.9.0.202307121226/tools/bin/../lib/gcc/arm-none-eabi/12.3.1/../../../../arm-none-eabi/lib/thumb/v8-m.main+fp/hard\libcr_c.a(alloc.o)
                              ./drivers/fsl_common.o (malloc)
c:/nxp/mcuxpressoide_11.9.0_2089_prc1/ide/plugins/com.nxp.mcuxpresso.tools.win32_11.9.0.202307121226/tools/bin/../lib/gcc/arm-none-eabi/12.3.1/../../../../arm-none-eabi/lib/thumb/v8-m.main+fp/hard\libcr_c.a(errno.o)
                              ./utilities/fsl_str.o (errno)
c:/nxp/mcuxpressoide_11.9.0_2089_prc1/ide/plugins/com.nxp.mcuxpresso.tools.win32_11.9.0.202307121226/tools/bin/../lib/gcc/arm-none-eabi/12.3.1/../../../../arm-none-eabi/lib/thumb/v8-m.main+fp/hard\libcr_c.a(initio.o)
                              c:/nxp/mcuxpressoide_11.9.0_2089_prc1/ide/plugins/com.nxp.mcuxpresso.tools.win32_11.9.0.202307121226/tools/bin/../lib/gcc/arm-none-eabi/12.3.1/../../../../arm-none-eabi/lib/thumb/v8-m.main+fp/hard\libcr_nohost_nf.a(_cr__main.o) (_initio)
c:/nxp/mcuxpressoide_11.9.0_2089_prc1/ide/plugins/com.nxp.mcuxpresso.tools.win32_11.9.0.202307121226/tools/bin/../lib/gcc/arm-none-eabi/12.3.1/../../../../arm-none-eabi/lib/thumb/v8-m.main+fp/hard\libcr_c.a(scanf.o)
                              ./utilities/fsl_str.o (strtoul)
c:/nxp/mcuxpressoide_11.9.0_2089_prc1/ide/plugins/com.nxp.mcuxpresso.tools.win32_11.9.0.202307121226/tools/bin/../lib/gcc/arm-none-eabi/12.3.1/../../../../arm-none-eabi/lib/thumb/v8-m.main+fp/hard\libcr_c.a(setvbuf.o)
                              c:/nxp/mcuxpressoide_11.9.0_2089_prc1/ide/plugins/com.nxp.mcuxpresso.tools.win32_11.9.0.202307121226/tools/bin/../lib/gcc/arm-none-eabi/12.3.1/../../../../arm-none-eabi/lib/thumb/v8-m.main+fp/hard\libcr_c.a(initio.o) (setvbuf)
c:/nxp/mcuxpressoide_11.9.0_2089_prc1/ide/plugins/com.nxp.mcuxpresso.tools.win32_11.9.0.202307121226/tools/bin/../lib/gcc/arm-none-eabi/12.3.1/../../../../arm-none-eabi/lib/thumb/v8-m.main+fp/hard\libcr_c.a(strlen.o)
                              ./utilities/fsl_str.o (strlen)
c:/nxp/mcuxpressoide_11.9.0_2089_prc1/ide/plugins/com.nxp.mcuxpresso.tools.win32_11.9.0.202307121226/tools/bin/../lib/gcc/arm-none-eabi/12.3.1/../../../../arm-none-eabi/lib/thumb/v8-m.main+fp/hard\libcr_c.a(ungetc.o)
                              c:/nxp/mcuxpressoide_11.9.0_2089_prc1/ide/plugins/com.nxp.mcuxpresso.tools.win32_11.9.0.202307121226/tools/bin/../lib/gcc/arm-none-eabi/12.3.1/../../../../arm-none-eabi/lib/thumb/v8-m.main+fp/hard\libcr_c.a(scanf.o) (ungetc)
c:/nxp/mcuxpressoide_11.9.0_2089_prc1/ide/plugins/com.nxp.mcuxpresso.tools.win32_11.9.0.202307121226/tools/bin/../lib/gcc/arm-none-eabi/12.3.1/../../../../arm-none-eabi/lib/thumb/v8-m.main+fp/hard\libcr_c.a(__fillbuf.o)
                              c:/nxp/mcuxpressoide_11.9.0_2089_prc1/ide/plugins/com.nxp.mcuxpresso.tools.win32_11.9.0.202307121226/tools/bin/../lib/gcc/arm-none-eabi/12.3.1/../../../../arm-none-eabi/lib/thumb/v8-m.main+fp/hard\libcr_c.a(scanf.o) (__filbuf)
c:/nxp/mcuxpressoide_11.9.0_2089_prc1/ide/plugins/com.nxp.mcuxpresso.tools.win32_11.9.0.202307121226/tools/bin/../lib/gcc/arm-none-eabi/12.3.1/../../../../arm-none-eabi/lib/thumb/v8-m.main+fp/hard\libcr_c.a(__init_alloc.o)
                              c:/nxp/mcuxpressoide_11.9.0_2089_prc1/ide/plugins/com.nxp.mcuxpresso.tools.win32_11.9.0.202307121226/tools/bin/../lib/gcc/arm-none-eabi/12.3.1/../../../../arm-none-eabi/lib/thumb/v8-m.main+fp/hard\libcr_c.a(alloc.o) (__heaps)
c:/nxp/mcuxpressoide_11.9.0_2089_prc1/ide/plugins/com.nxp.mcuxpresso.tools.win32_11.9.0.202307121226/tools/bin/../lib/gcc/arm-none-eabi/12.3.1/../../../../arm-none-eabi/lib/thumb/v8-m.main+fp/hard\libcr_c.a(_cr_sbrk.o)
                              c:/nxp/mcuxpressoide_11.9.0_2089_prc1/ide/plugins/com.nxp.mcuxpresso.tools.win32_11.9.0.202307121226/tools/bin/../lib/gcc/arm-none-eabi/12.3.1/../../../../arm-none-eabi/lib/thumb/v8-m.main+fp/hard\libcr_c.a(alloc.o) (_sbrk)
[...]
Memory Configuration

Name             Origin             Length             Attributes
PROGRAM_FLASH0   0x00000000         0x00100000         xr
PROGRAM_FLASH1   0x00100000         0x00100000         xr
QSPI_FLASH       0x80000000         0x00800000         xr
SRAM             0x20000000         0x00060000         xrw
SRAMX            0x04000000         0x00018000         xrw
SRAMH            0x20060000         0x00008000         xrw
USB_RAM          0x400ba000         0x00001000         xrw
*default*        0x00000000         0xffffffff

Linker script and memory map

LOAD ./utilities/fsl_assert.o
LOAD ./utilities/fsl_debug_console.o
LOAD ./utilities/fsl_str.o
LOAD ./utilities/systick_utils.o
LOAD ./startup/boot_multicore_slave.o
LOAD ./startup/startup_mcxn947_cm33_core0.o
LOAD ./source/mpl3115_normal.o
LOAD ./source/semihost_hardfault.o
LOAD ./sensors/mpl3115_drv.o
LOAD ./interfaces/register_io_i2c.o
LOAD ./interfaces/register_io_spi.o
LOAD ./interfaces/sensor_io_i2c.o
LOAD ./interfaces/sensor_io_spi.o
LOAD ./gpio_driver/gpio_driver.o
LOAD ./gpio_driver/gpio_driver_irq.o
LOAD ./drivers/fsl_clock.o
LOAD ./drivers/fsl_common.o
LOAD ./drivers/fsl_common_arm.o
LOAD ./drivers/fsl_edma.o
LOAD ./drivers/fsl_edma_soc.o
LOAD ./drivers/fsl_gpio.o
LOAD ./drivers/fsl_lpflexcomm.o
LOAD ./drivers/fsl_lpi2c.o
LOAD ./drivers/fsl_lpi2c_cmsis.o
LOAD ./drivers/fsl_lpi2c_edma.o
LOAD ./drivers/fsl_lpspi.o
LOAD ./drivers/fsl_lpspi_cmsis.o
LOAD ./drivers/fsl_lpspi_edma.o
LOAD ./drivers/fsl_lpuart.o
LOAD ./drivers/fsl_lpuart_cmsis.o
LOAD ./drivers/fsl_lpuart_edma.o
LOAD ./drivers/fsl_reset.o
LOAD ./drivers/fsl_spc.o
LOAD ./device/system_MCXN947_cm33_core0.o
LOAD ./component/uart/fsl_adapter_lpuart.o
LOAD ./component/serial_manager/fsl_component_serial_manager.o
LOAD ./component/serial_manager/fsl_component_serial_port_uart.o
LOAD ./component/lists/fsl_component_generic_list.o
LOAD ./board/board.o
LOAD ./board/clock_config.o
LOAD ./board/frdmmcxn947.o
LOAD ./board/pin_mux.o
START GROUP
LOAD c:/nxp/mcuxpressoide_11.9.0_2089_prc1/ide/plugins/com.nxp.mcuxpresso.tools.win32_11.9.0.202307121226/tools/bin/../lib/gcc/arm-none-eabi/12.3.1/../../../../arm-none-eabi/lib/thumb/v8-m.main+fp/hard\libcr_nohost_nf.a
LOAD c:/nxp/mcuxpressoide_11.9.0_2089_prc1/ide/plugins/com.nxp.mcuxpresso.tools.win32_11.9.0.202307121226/tools/bin/../lib/gcc/arm-none-eabi/12.3.1/../../../../arm-none-eabi/lib/thumb/v8-m.main+fp/hard\libcr_c.a
LOAD c:/nxp/mcuxpressoide_11.9.0_2089_prc1/ide/plugins/com.nxp.mcuxpresso.tools.win32_11.9.0.202307121226/tools/bin/../lib/gcc/arm-none-eabi/12.3.1/thumb/v8-m.main+fp/hard\libcr_eabihelpers.a
LOAD c:/nxp/mcuxpressoide_11.9.0_2089_prc1/ide/plugins/com.nxp.mcuxpresso.tools.win32_11.9.0.202307121226/tools/bin/../lib/gcc/arm-none-eabi/12.3.1/thumb/v8-m.main+fp/hard\libgcc.a
END GROUP
                0x00000000                        __base_PROGRAM_FLASH0 = 0x0
                0x00000000                        __base_Flash = 0x0
                0x00100000                        __top_PROGRAM_FLASH0 = 0x100000
                0x00100000                        __top_Flash = 0x100000
                0x00100000                        __base_PROGRAM_FLASH1 = 0x100000
                0x00100000                        __base_Flash2 = 0x100000
                0x00200000                        __top_PROGRAM_FLASH1 = 0x200000
                0x00200000                        __top_Flash2 = 0x200000
                0x80000000                        __base_QSPI_FLASH = 0x80000000
                0x80000000                        __base_Flash3 = 0x80000000
                0x80800000                        __top_QSPI_FLASH = 0x80800000
                0x80800000                        __top_Flash3 = 0x80800000
                0x20000000                        __base_SRAM = 0x20000000
                0x20000000                        __base_RAM = 0x20000000
                0x20060000                        __top_SRAM = 0x20060000
                0x20060000                        __top_RAM = 0x20060000
                0x04000000                        __base_SRAMX = 0x4000000
                0x04000000                        __base_RAM2 = 0x4000000
                0x04018000                        __top_SRAMX = 0x4018000
                0x04018000                        __top_RAM2 = 0x4018000
                0x20060000                        __base_SRAMH = 0x20060000
                0x20060000                        __base_RAM3 = 0x20060000
                0x20068000                        __top_SRAMH = 0x20068000
                0x20068000                        __top_RAM3 = 0x20068000
                0x400ba000                        __base_USB_RAM = 0x400ba000
                0x400ba000                        __base_RAM4 = 0x400ba000
                0x400bb000                        __top_USB_RAM = 0x400bb000
                0x400bb000                        __top_RAM4 = 0x400bb000

.text_Flash2    0x00100000        0x0
 FILL mask 0xff
 *(SORT_BY_ALIGNMENT(.text_Flash2))
 *(SORT_BY_ALIGNMENT(.text_PROGRAM_FLASH1))
 *(SORT_BY_ALIGNMENT(.text.$Flash2))
 *(SORT_BY_ALIGNMENT(.text.$PROGRAM_FLASH1))
 *(SORT_BY_ALIGNMENT(.text_Flash2.*))
 *(SORT_BY_ALIGNMENT(.text_PROGRAM_FLASH1.*))
 *(SORT_BY_ALIGNMENT(.text.$Flash2.*))
 *(SORT_BY_ALIGNMENT(.text.$PROGRAM_FLASH1.*))
 *(SORT_BY_ALIGNMENT(.rodata.$Flash2))
 *(SORT_BY_ALIGNMENT(.rodata.$PROGRAM_FLASH1))
 *(SORT_BY_ALIGNMENT(.rodata.$Flash2.*))
 *(SORT_BY_ALIGNMENT(.rodata.$PROGRAM_FLASH1.*))

.text_Flash3    0x80000000        0x0
 FILL mask 0xff
 *(SORT_BY_ALIGNMENT(.text_Flash3))
 *(SORT_BY_ALIGNMENT(.text_QSPI_FLASH))
 *(SORT_BY_ALIGNMENT(.text.$Flash3))
 *(SORT_BY_ALIGNMENT(.text.$QSPI_FLASH))
 *(SORT_BY_ALIGNMENT(.text_Flash3.*))
 *(SORT_BY_ALIGNMENT(.text_QSPI_FLASH.*))
 *(SORT_BY_ALIGNMENT(.text.$Flash3.*))
 *(SORT_BY_ALIGNMENT(.text.$QSPI_FLASH.*))
 *(SORT_BY_ALIGNMENT(.rodata.$Flash3))
 *(SORT_BY_ALIGNMENT(.rodata.$QSPI_FLASH))
 *(SORT_BY_ALIGNMENT(.rodata.$Flash3.*))
 *(SORT_BY_ALIGNMENT(.rodata.$QSPI_FLASH.*))

.text           0x00000000     0x7b8c
 FILL mask 0xff
                0x00000000                        __vectors_start__ = ABSOLUTE (.)
 *(SORT_BY_ALIGNMENT(.isr_vector))
 .isr_vector    0x00000000      0x2b0 ./startup/startup_mcxn947_cm33_core0.o
                0x00000000                g_pfnVectors
                0x00000000                __Vectors
                0x000002b0                        . = ALIGN (0x4)
                0x000002b0                        __section_table_start = .
                0x000002b0                        __data_section_table = .
                0x000002b0        0x4 LONG 0x7b8c LOADADDR (.data)
                0x000002b4        0x4 LONG 0x20000000 ADDR (.data)
                0x000002b8        0x4 LONG 0x78 SIZEOF (.data)
                0x000002bc        0x4 LONG 0x7b8c LOADADDR (.data_RAM2)
                0x000002c0        0x4 LONG 0x4000000 ADDR (.data_RAM2)
                0x000002c4        0x4 LONG 0x0 SIZEOF (.data_RAM2)
                0x000002c8        0x4 LONG 0x7b8c LOADADDR (.data_RAM3)
                0x000002cc        0x4 LONG 0x20060000 ADDR (.data_RAM3)
                0x000002d0        0x4 LONG 0x0 SIZEOF (.data_RAM3)
                0x000002d4        0x4 LONG 0x7b8c LOADADDR (.data_RAM4)
                0x000002d8        0x4 LONG 0x400ba000 ADDR (.data_RAM4)
                0x000002dc        0x4 LONG 0x0 SIZEOF (.data_RAM4)
                0x000002e0                        __data_section_table_end = .
                0x000002e0                        __bss_section_table = .
                0x000002e0        0x4 LONG 0x20000078 ADDR (.bss)
                0x000002e4        0x4 LONG 0x2e4 SIZEOF (.bss)
                0x000002e8        0x4 LONG 0x4000000 ADDR (.bss_RAM2)
                0x000002ec        0x4 LONG 0x0 SIZEOF (.bss_RAM2)
                0x000002f0        0x4 LONG 0x20060000 ADDR (.bss_RAM3)
                0x000002f4        0x4 LONG 0x0 SIZEOF (.bss_RAM3)
                0x000002f8        0x4 LONG 0x400ba000 ADDR (.bss_RAM4)
                0x000002fc        0x4 LONG 0x0 SIZEOF (.bss_RAM4)
                0x00000300                        __bss_section_table_end = .
                0x00000300                        __section_table_end = .
 *(SORT_BY_ALIGNMENT(.after_vectors*))
 .after_vectors.reset
                0x00000300       0x4c ./startup/startup_mcxn947_cm33_core0.o
                0x00000300                ResetISR
 .after_vectors.init_data
                0x0000034c       0x1e ./startup/startup_mcxn947_cm33_core0.o
                0x0000034c                data_init
 .after_vectors.init_bss
                0x0000036a       0x12 ./startup/startup_mcxn947_cm33_core0.o
                0x0000036a                bss_init
 .after_vectors
                0x0000037c       0x16 ./startup/startup_mcxn947_cm33_core0.o
                0x0000037c                NMI_Handler
                0x00000380                MemManage_Handler
                0x00000382                BusFault_Handler
                0x00000384                UsageFault_Handler
                0x00000386                SecureFault_Handler
                0x00000388                SVC_Handler
                0x0000038a                DebugMon_Handler
                0x0000038c                PendSV_Handler
                0x00000390                SCG_DriverIRQHandler
                0x00000390                PKC_ERR_DriverIRQHandler
                0x00000390                LPTMR0_DriverIRQHandler
                0x00000390                FLEXPWM1_SUBMODULE1_DriverIRQHandler
                0x00000390                FLEXPWM0_SUBMODULE1_DriverIRQHandler
                0x00000390                CMC0_DriverIRQHandler
                0x00000390                ENC0_IDX_DriverIRQHandler
                0x00000390                I3C0_DriverIRQHandler
                0x00000390                FLEXPWM0_RELOAD_ERROR_DriverIRQHandler
                0x00000390                TRNG0_DriverIRQHandler
                0x00000390                SEC_VIO_DriverIRQHandler
                0x00000390                ERM_MULTI_BIT_ERROR_DriverIRQHandler
                0x00000390                GPIO31_DriverIRQHandler
                0x00000390                EWM0_DriverIRQHandler
                0x00000390                PKC_DriverIRQHandler
                0x00000390                USB1_HS_PHY_DriverIRQHandler
                0x00000390                ELS_DriverIRQHandler
                0x00000390                ETHERNET_DriverIRQHandler
                0x00000390                FLEXPWM1_SUBMODULE3_DriverIRQHandler
                0x00000390                DAC1_DriverIRQHandler
                0x00000390                CTIMER2_DriverIRQHandler
                0x00000390                EMVSIM0_DriverIRQHandler
                0x00000390                ITRC0_DriverIRQHandler
                0x00000390                ETB0_DriverIRQHandler
                0x00000390                Freqme_DriverIRQHandler
                0x00000390                Reserved80_DriverIRQHandler
                0x00000390                IntDefaultHandler
                0x00000390                ELS_ERR_DriverIRQHandler
                0x00000390                FLEXIO_DriverIRQHandler
                0x00000390                DAC0_DriverIRQHandler
                0x00000390                MRT0_DriverIRQHandler
                0x00000390                USB0_FS_DriverIRQHandler
                0x00000390                FLEXPWM0_SUBMODULE2_DriverIRQHandler
                0x00000390                GPIO01_DriverIRQHandler
                0x00000390                WWDT0_DriverIRQHandler
                0x00000390                USDHC0_DriverIRQHandler
                0x00000390                GPIO00_DriverIRQHandler
                0x00000390                GPIO11_DriverIRQHandler
                0x00000390                CTIMER4_DriverIRQHandler
                0x00000390                BSP32_DriverIRQHandler
                0x00000390                FLEXPWM0_FAULT_DriverIRQHandler
                0x00000390                SAI1_DriverIRQHandler
                0x00000390                ERM_SINGLE_BIT_ERROR_DriverIRQHandler
                0x00000390                GPIO21_DriverIRQHandler
                0x00000390                FLEXPWM1_FAULT_DriverIRQHandler
                0x00000390                GPIO30_DriverIRQHandler
                0x00000390                CTIMER0_DriverIRQHandler
                0x00000390                CTIMER1_DriverIRQHandler
                0x00000390                WWDT1_DriverIRQHandler
                0x00000390                ADC1_DriverIRQHandler
                0x00000390                ENC0_HOME_DriverIRQHandler
                0x00000390                PQ_DriverIRQHandler
                0x00000390                ETHERNET_MACLP_DriverIRQHandler
                0x00000390                USB0_DCD_DriverIRQHandler
                0x00000390                MAILBOX_DriverIRQHandler
                0x00000390                WUU_DriverIRQHandler
                0x00000390                CTIMER3_DriverIRQHandler
                0x00000390                FLEXPWM1_SUBMODULE0_DriverIRQHandler
                0x00000390                SM3_DriverIRQHandler
                0x00000390                CDOG1_DriverIRQHandler
                0x00000390                TSI_OUT_OF_SCAN_DriverIRQHandler
                0x00000390                ENC0_WDG_SAB_DriverIRQHandler
                0x00000390                PUF_DriverIRQHandler
                0x00000390                SPC_DriverIRQHandler
                0x00000390                RTC_DriverIRQHandler
                0x00000390                VBAT0_DriverIRQHandler
                0x00000390                Reserved65_DriverIRQHandler
                0x00000390                HSCMP2_DriverIRQHandler
                0x00000390                PINT0_DriverIRQHandler
                0x00000390                PDM_EVENT_DriverIRQHandler
                0x00000390                UTICK0_DriverIRQHandler
                0x00000390                ETHERNET_PMT_DriverIRQHandler
                0x00000390                FLEXPWM1_RELOAD_ERROR_DriverIRQHandler
                0x00000390                FMU0_DriverIRQHandler
                0x00000390                LPTMR1_DriverIRQHandler
                0x00000390                GPIO40_DriverIRQHandler
                0x00000390                CTI0_DriverIRQHandler
                0x00000390                FLEXPWM1_SUBMODULE2_DriverIRQHandler
                0x00000390                ENC1_HOME_DriverIRQHandler
                0x00000390                GPIO20_DriverIRQHandler
                0x00000390                GDET_DriverIRQHandler
                0x00000390                PORT_EFT_DriverIRQHandler
                0x00000390                Reserved85_DriverIRQHandler
                0x00000390                Reserved81_DriverIRQHandler
                0x00000390                TSI_END_OF_SCAN_DriverIRQHandler
                0x00000390                ENC1_IDX_DriverIRQHandler
                0x00000390                FLEXPWM0_SUBMODULE3_DriverIRQHandler
                0x00000390                ADC0_DriverIRQHandler
                0x00000390                OR_DriverIRQHandler
                0x00000390                USB1_HS_DriverIRQHandler
                0x00000390                DAC2_DriverIRQHandler
                0x00000390                GPIO51_DriverIRQHandler
                0x00000390                HSCMP0_DriverIRQHandler
                0x00000390                CDOG0_DriverIRQHandler
                0x00000390                CAN0_DriverIRQHandler
                0x00000390                SMARTDMA_DriverIRQHandler
                0x00000390                SAI0_DriverIRQHandler
                0x00000390                EMVSIM1_DriverIRQHandler
                0x00000390                I3C1_DriverIRQHandler
                0x00000390                ENC0_COMPARE_DriverIRQHandler
                0x00000390                HSCMP1_DriverIRQHandler
                0x00000390                FLEXSPI0_DriverIRQHandler
                0x00000390                GPIO50_DriverIRQHandler
                0x00000390                GPIO10_DriverIRQHandler
                0x00000390                SCT0_DriverIRQHandler
                0x00000390                CAN1_DriverIRQHandler
                0x00000390                ENC1_COMPARE_DriverIRQHandler
                0x00000390                PLU_DriverIRQHandler
                0x00000390                FLEXPWM0_SUBMODULE0_DriverIRQHandler
                0x00000390                OS_EVENT_DriverIRQHandler
                0x00000390                ENC1_WDG_SAB_DriverIRQHandler
                0x00000390                SINC_FILTER_DriverIRQHandler
                0x00000390                NPU_DriverIRQHandler
                0x00000390                GPIO41_DriverIRQHandler
                0x00000390                SEC_HYPERVISOR_CALL_DriverIRQHandler
 *(SORT_BY_ALIGNMENT(.text*))
 *fill*         0x00000392        0x2 ff
 .text.__assertion_failed
                0x00000394       0x18 ./utilities/fsl_assert.o
                0x00000394                __assertion_failed
 .text.DbgConsole_ReadOneCharacter
                0x000003ac       0x44 ./utilities/fsl_debug_console.o
                0x000003ac                DbgConsole_ReadOneCharacter
 .text.DbgConsole_SendDataReliable
                0x000003f0       0x54 ./utilities/fsl_debug_console.o
                0x000003f0                DbgConsole_SendDataReliable
 .text.DbgConsole_ReadCharacter
                0x00000444       0x44 ./utilities/fsl_debug_console.o
                0x00000444                DbgConsole_ReadCharacter
 .text.DbgConsole_Init
                0x00000488      0x12c ./utilities/fsl_debug_console.o
                0x00000488                DbgConsole_Init
 .text.DbgConsole_Vprintf
                0x000005b4       0x6c ./utilities/fsl_debug_console.o
                0x000005b4                DbgConsole_Vprintf
 .text.PrintCheckFlags
                0x00000620       0xd4 ./utilities/fsl_str.o
 .text.SysTick_Handler
                0x000006f4       0x1c ./utilities/systick_utils.o
                0x000006f4                SysTick_Handler
 .text.main     0x00000710      0x1e4 ./source/mpl3115_normal.o
                0x00000710                main
 .text.I2C2_SignalEvent_t
                0x000008f4       0x30 ./interfaces/register_io_i2c.o
                0x000008f4                I2C2_SignalEvent_t
 .text.Register_I2C_Write
                0x00000924      0x220 ./interfaces/register_io_i2c.o
                0x00000924                Register_I2C_Write
 .text.Register_I2C_Read
                0x00000b44      0x150 ./interfaces/register_io_i2c.o
                0x00000b44                Register_I2C_Read
 .text.CLOCK_IsPLL0Locked
                0x00000c94       0x28 ./drivers/fsl_clock.o
 .text.CLOCK_IsPLL1Locked
                0x00000cbc       0x28 ./drivers/fsl_clock.o
 .text.CLOCK_SetupFROHFClocking
                0x00000ce4       0x9c ./drivers/fsl_clock.o
                0x00000ce4                CLOCK_SetupFROHFClocking
 .text.CLOCK_SetPll0MonitorMode
                0x00000d80       0x38 ./drivers/fsl_clock.o
                0x00000d80                CLOCK_SetPll0MonitorMode
 .text.CLOCK_SetFLASHAccessCyclesForFreq
                0x00000db8       0xec ./drivers/fsl_clock.o
                0x00000db8                CLOCK_SetFLASHAccessCyclesForFreq
 .text.CLOCK_AttachClk
                0x00000ea4       0xb0 ./drivers/fsl_clock.o
                0x00000ea4                CLOCK_AttachClk
 .text.CLOCK_SetClkDiv
                0x00000f54       0x54 ./drivers/fsl_clock.o
                0x00000f54                CLOCK_SetClkDiv
 .text.CLOCK_GetLPFlexCommClkFreq
                0x00000fa8       0xa0 ./drivers/fsl_clock.o
                0x00000fa8                CLOCK_GetLPFlexCommClkFreq
 .text.CLOCK_GetPLL0InClockRate
                0x00001048       0x58 ./drivers/fsl_clock.o
                0x00001048                CLOCK_GetPLL0InClockRate
 .text.CLOCK_GetPLL1InClockRate
                0x000010a0       0x58 ./drivers/fsl_clock.o
                0x000010a0                CLOCK_GetPLL1InClockRate
 .text.CLOCK_SetPLL0Freq
                0x000010f8      0x10c ./drivers/fsl_clock.o
                0x000010f8                CLOCK_SetPLL0Freq
 .text.CLOCK_GetFro12MFreq
                0x00001204       0x2c ./drivers/fsl_clock.o
 .text.CLOCK_GetClk1MFreq
                0x00001230       0x14 ./drivers/fsl_clock.o
 .text.CLOCK_GetFroHfFreq
                0x00001244       0x4c ./drivers/fsl_clock.o
 .text.CLOCK_GetClk48MFreq
                0x00001290       0x2c ./drivers/fsl_clock.o
 .text.CLOCK_GetClk16KFreq
                0x000012bc       0x44 ./drivers/fsl_clock.o
 .text.CLOCK_GetExtClkFreq
                0x00001300       0x2c ./drivers/fsl_clock.o
 .text.CLOCK_GetOsc32KFreq
                0x0000132c       0x4c ./drivers/fsl_clock.o
 .text.CLOCK_GetLposcFreq
                0x00001378       0x48 ./drivers/fsl_clock.o
 .text.findPll0PreDiv
                0x000013c0       0x40 ./drivers/fsl_clock.o
 .text.findPll1PreDiv
                0x00001400       0x40 ./drivers/fsl_clock.o
 .text.findPll0PostDiv
                0x00001440       0x60 ./drivers/fsl_clock.o
 .text.findPll1PostDiv
                0x000014a0       0x60 ./drivers/fsl_clock.o
 .text.findPll0MMult
                0x00001500       0xac ./drivers/fsl_clock.o
 .text.findPll1MMult
                0x000015ac       0xac ./drivers/fsl_clock.o
 .text.EDMA_HandleIRQ
                0x00001658      0x1a4 ./drivers/fsl_edma.o
                0x00001658                EDMA_HandleIRQ
 .text.EDMA_DriverIRQHandler
                0x000017fc       0x4c ./drivers/fsl_edma.o
                0x000017fc                EDMA_DriverIRQHandler
 .text.LP_FLEXCOMM_GetInterruptStatus
                0x00001848       0x28 ./drivers/fsl_lpflexcomm.o
                0x00001848                LP_FLEXCOMM_GetInterruptStatus
 .text.LP_FLEXCOMM_SetPeriph
                0x00001870       0x94 ./drivers/fsl_lpflexcomm.o
 .text.LP_FLEXCOMM_Init
                0x00001904       0x58 ./drivers/fsl_lpflexcomm.o
                0x00001904                LP_FLEXCOMM_Init
 .text.LP_FLEXCOMM_Deinit
                0x0000195c       0x44 ./drivers/fsl_lpflexcomm.o
                0x0000195c                LP_FLEXCOMM_Deinit
 .text.LP_FLEXCOMM_SetIRQHandler
                0x000019a0       0x70 ./drivers/fsl_lpflexcomm.o
                0x000019a0                LP_FLEXCOMM_SetIRQHandler
 .text.LP_FLEXCOMM_CommonIRQHandler
                0x00001a10       0xb8 ./drivers/fsl_lpflexcomm.o
 .text.__NVIC_EnableIRQ
                0x00001ac8       0x3c ./drivers/fsl_lpi2c.o
 .text.LPI2C_GetInstance
                0x00001b04       0x4c ./drivers/fsl_lpi2c.o
                0x00001b04                LPI2C_GetInstance
 .text.LPI2C_GetCyclesForWidth
                0x00001b50       0x9c ./drivers/fsl_lpi2c.o
 .text.LPI2C_MasterGetDefaultConfig
                0x00001bec       0x6c ./drivers/fsl_lpi2c.o
                0x00001bec                LPI2C_MasterGetDefaultConfig
 .text.LPI2C_MasterInit
                0x00001c58      0x1e8 ./drivers/fsl_lpi2c.o
                0x00001c58                LPI2C_MasterInit
 .text.LPI2C_MasterSetBaudRate
                0x00001e40      0x2c4 ./drivers/fsl_lpi2c.o
                0x00001e40                LPI2C_MasterSetBaudRate
 .text.LPI2C_MasterTransferCreateHandle
                0x00002104       0x88 ./drivers/fsl_lpi2c.o
                0x00002104                LPI2C_MasterTransferCreateHandle
 .text.LPI2C_RunTransferStateMachine
                0x0000218c      0x310 ./drivers/fsl_lpi2c.o
 .text.LPI2C_MasterTransferNonBlocking
                0x0000249c       0xd0 ./drivers/fsl_lpi2c.o
                0x0000249c                LPI2C_MasterTransferNonBlocking
 .text.LPI2C_MasterTransferGetCount
                0x0000256c       0xa4 ./drivers/fsl_lpi2c.o
                0x0000256c                LPI2C_MasterTransferGetCount
 .text.LPI2C_MasterTransferAbort
                0x00002610       0x54 ./drivers/fsl_lpi2c.o
                0x00002610                LPI2C_MasterTransferAbort
 .text.LPI2C_MasterTransferHandleIRQ
                0x00002664       0xa8 ./drivers/fsl_lpi2c.o
                0x00002664                LPI2C_MasterTransferHandleIRQ
 .text.LPI2C_SlaveInit
                0x0000270c      0x170 ./drivers/fsl_lpi2c.o
                0x0000270c                LPI2C_SlaveInit
 .text.LPI2C_SlaveTransferCreateHandle
                0x0000287c       0x90 ./drivers/fsl_lpi2c.o
                0x0000287c                LPI2C_SlaveTransferCreateHandle
 .text.LPI2C_SlaveTransferNonBlocking
                0x0000290c       0xa4 ./drivers/fsl_lpi2c.o
                0x0000290c                LPI2C_SlaveTransferNonBlocking
 .text.LPI2C_SlaveTransferGetCount
                0x000029b0       0x58 ./drivers/fsl_lpi2c.o
                0x000029b0                LPI2C_SlaveTransferGetCount
 .text.LPI2C_SlaveTransferAbort
                0x00002a08       0x50 ./drivers/fsl_lpi2c.o
                0x00002a08                LPI2C_SlaveTransferAbort
 .text.LPI2C_SlaveTransferHandleIRQ
                0x00002a58      0x300 ./drivers/fsl_lpi2c.o
                0x00002a58                LPI2C_SlaveTransferHandleIRQ
 .text.LPI2Cx_GetVersion
                0x00002d58       0x2c ./drivers/fsl_lpi2c_cmsis.o
 .text.LPI2C_Master_InterruptTransmit
                0x00002d84       0xac ./drivers/fsl_lpi2c_cmsis.o
 .text.LPI2C_Master_InterruptReceive
                0x00002e30       0xac ./drivers/fsl_lpi2c_cmsis.o
 .text.LPI2C_InterruptControl
                0x00002edc      0x148 ./drivers/fsl_lpi2c_cmsis.o
 .text.KSDK_LPI2C2_SLAVE_InterruptCallback
                0x00003024       0x24 ./drivers/fsl_lpi2c_cmsis.o
 .text.LPI2C2_InterruptInitialize
                0x00003048       0x24 ./drivers/fsl_lpi2c_cmsis.o
 .text.LPI2C2_InterruptUninitialize
                0x0000306c       0x18 ./drivers/fsl_lpi2c_cmsis.o
 .text.LPI2C2_InterruptPowerControl
                0x00003084       0x24 ./drivers/fsl_lpi2c_cmsis.o
 .text.LPI2C2_Master_InterruptTransmit
                0x000030a8       0x2c ./drivers/fsl_lpi2c_cmsis.o
 .text.LPI2C2_Master_InterruptReceive
                0x000030d4       0x2c ./drivers/fsl_lpi2c_cmsis.o
 .text.LPI2C2_Slave_InterruptTransmit
                0x00003100       0x30 ./drivers/fsl_lpi2c_cmsis.o
 .text.LPI2C2_Slave_InterruptReceive
                0x00003130       0x30 ./drivers/fsl_lpi2c_cmsis.o
 .text.LPI2C2_InterruptGetDataCount
                0x00003160       0x14 ./drivers/fsl_lpi2c_cmsis.o
 .text.LPI2C2_InterruptControl
                0x00003174       0x24 ./drivers/fsl_lpi2c_cmsis.o
 .text.LPI2C2_InterruptGetStatus
                0x00003198       0x14 ./drivers/fsl_lpi2c_cmsis.o
 .text.LPUART_GetInstance
                0x000031ac       0x4c ./drivers/fsl_lpuart.o
                0x000031ac                LPUART_GetInstance
 .text.LPUART_Init
                0x000031f8      0x3c4 ./drivers/fsl_lpuart.o
                0x000031f8                LPUART_Init
 .text.LPUART_GetDefaultConfig
                0x000035bc       0x8c ./drivers/fsl_lpuart.o
                0x000035bc                LPUART_GetDefaultConfig
 .text.LPUART_GetStatusFlags
                0x00003648       0x60 ./drivers/fsl_lpuart.o
                0x00003648                LPUART_GetStatusFlags
 .text.LPUART_ClearStatusFlags
                0x000036a8       0x94 ./drivers/fsl_lpuart.o
                0x000036a8                LPUART_ClearStatusFlags
 .text.LPUART_WriteBlocking
                0x0000373c       0x68 ./drivers/fsl_lpuart.o
                0x0000373c                LPUART_WriteBlocking
 .text.LPUART_ReadBlocking
                0x000037a4      0x160 ./drivers/fsl_lpuart.o
                0x000037a4                LPUART_ReadBlocking
 .text.RESET_SetPeripheralReset
                0x00003904       0x64 ./drivers/fsl_reset.o
                0x00003904                RESET_SetPeripheralReset
 .text.RESET_ClearPeripheralReset
                0x00003968       0x64 ./drivers/fsl_reset.o
                0x00003968                RESET_ClearPeripheralReset
 .text.SPC_SetSRAMOperateVoltage
                0x000039cc       0x64 ./drivers/fsl_spc.o
                0x000039cc                SPC_SetSRAMOperateVoltage
 .text.SPC_SetActiveModeDCDCRegulatorConfig
                0x00003a30       0x68 ./drivers/fsl_spc.o
                0x00003a30                SPC_SetActiveModeDCDCRegulatorConfig
 .text.SystemInit
                0x00003a98       0x6c ./device/system_MCXN947_cm33_core0.o
                0x00003a98                SystemInit
 .text.HAL_UartInitCommon
                0x00003b04       0xe4 ./component/uart/fsl_adapter_lpuart.o
 .text.HAL_UartInit
                0x00003be8       0x84 ./component/uart/fsl_adapter_lpuart.o
                0x00003be8                HAL_UartInit
 .text.HAL_UartReceiveBlocking
                0x00003c6c       0x6c ./component/uart/fsl_adapter_lpuart.o
                0x00003c6c                HAL_UartReceiveBlocking
 .text.HAL_UartSendBlocking
                0x00003cd8       0x64 ./component/uart/fsl_adapter_lpuart.o
                0x00003cd8                HAL_UartSendBlocking
 .text.BOARD_InitDebugConsole
                0x00003d3c       0x38 ./board/board.o
                0x00003d3c                BOARD_InitDebugConsole
 .text.BOARD_PowerMode_OD
                0x00003d74       0x3c ./board/board.o
                0x00003d74                BOARD_PowerMode_OD
 .text.BOARD_BootClockPLL150M
                0x00003db0       0x88 ./board/clock_config.o
                0x00003db0                BOARD_BootClockPLL150M
 .text.PORT_SetPinConfig
                0x00003e38       0x38 ./board/pin_mux.o
 .text.BOARD_InitPins
                0x00003e70       0xe8 ./board/pin_mux.o
                0x00003e70                BOARD_InitPins
 .text.LPI2C2_InitPins
                0x00003f58       0x7c ./board/pin_mux.o
                0x00003f58                LPI2C2_InitPins
 .text.LPI2C2_DeinitPins
                0x00003fd4       0x48 ./board/pin_mux.o
                0x00003fd4                LPI2C2_DeinitPins
 .text._initio  0x0000401c       0x78 c:/nxp/mcuxpressoide_11.9.0_2089_prc1/ide/plugins/com.nxp.mcuxpresso.tools.win32_11.9.0.202307121226/tools/bin/../lib/gcc/arm-none-eabi/12.3.1/../../../../arm-none-eabi/lib/thumb/v8-m.main+fp/hard\libcr_c.a(initio.o)
                0x0000401c                _initio
 .text._Cwritebuf
                0x00004094       0x6c c:/nxp/mcuxpressoide_11.9.0_2089_prc1/ide/plugins/com.nxp.mcuxpresso.tools.win32_11.9.0.202307121226/tools/bin/../lib/gcc/arm-none-eabi/12.3.1/../../../../arm-none-eabi/lib/thumb/v8-m.main+fp/hard\libcr_c.a(_writebuf.o)
                0x00004094                _Cwritebuf
 .text.fflush   0x00004100       0x3c c:/nxp/mcuxpressoide_11.9.0_2089_prc1/ide/plugins/com.nxp.mcuxpresso.tools.win32_11.9.0.202307121226/tools/bin/../lib/gcc/arm-none-eabi/12.3.1/../../../../arm-none-eabi/lib/thumb/v8-m.main+fp/hard\libcr_c.a(fflush.o)
                0x00004100                fflush
 .text.fseek    0x0000413c       0xf8 c:/nxp/mcuxpressoide_11.9.0_2089_prc1/ide/plugins/com.nxp.mcuxpresso.tools.win32_11.9.0.202307121226/tools/bin/../lib/gcc/arm-none-eabi/12.3.1/../../../../arm-none-eabi/lib/thumb/v8-m.main+fp/hard\libcr_c.a(fseek.o)
                0x0000413c                fseek
 .text.ftell    0x00004234       0x44 c:/nxp/mcuxpressoide_11.9.0_2089_prc1/ide/plugins/com.nxp.mcuxpresso.tools.win32_11.9.0.202307121226/tools/bin/../lib/gcc/arm-none-eabi/12.3.1/../../../../arm-none-eabi/lib/thumb/v8-m.main+fp/hard\libcr_c.a(ftell.o)
                0x00004234                ftell
 .text.DbgConsole_PrintCallback
                0x00004278       0x66 ./utilities/fsl_debug_console.o
 .text.DbgConsole_Printf
                0x000042de       0x2c ./utilities/fsl_debug_console.o
                0x000042de                DbgConsole_Printf
 .text.DbgConsole_Getchar
                0x0000430a       0x2c ./utilities/fsl_debug_console.o
                0x0000430a                DbgConsole_Getchar
 .text.PrintGetSignChar
                0x00004336       0x5e ./utilities/fsl_str.o
 .text.PrintGetWidth
                0x00004394       0x80 ./utilities/fsl_str.o
 .text.PrintGetPrecision
                0x00004414       0xc6 ./utilities/fsl_str.o
 .text.PrintIsobpu
                0x000044da       0x38 ./utilities/fsl_str.o
 .text.PrintIsdi
                0x00004512       0x2c ./utilities/fsl_str.o
 .text.PrintOutputdifFobpu
                0x0000453e       0xc4 ./utilities/fsl_str.o
 .text.PrintOutputxX
                0x00004602      0x132 ./utilities/fsl_str.o
 .text.PrintIsfF
                0x00004734       0x2c ./utilities/fsl_str.o
 .text.PrintIsxX
                0x00004760       0x2c ./utilities/fsl_str.o
 .text.PrintGetLengthFlag
                0x0000478c       0xa4 ./utilities/fsl_str.o
 .text.PrintGetRadixFromobpu
                0x00004830       0x40 ./utilities/fsl_str.o
 .text.ConvertRadixNumToString
                0x00004870      0x2b0 ./utilities/fsl_str.o
 .text.StrFormatPrintf
                0x00004b20      0x490 ./utilities/fsl_str.o
                0x00004b20                StrFormatPrintf
 .text.OR_IRQHandler
                0x00004fb0        0x8 ./startup/startup_mcxn947_cm33_core0.o
                0x00004fb0                OR_IRQHandler
 .text.EDMA_0_CH0_IRQHandler
                0x00004fb8        0x8 ./startup/startup_mcxn947_cm33_core0.o
                0x00004fb8                EDMA_0_CH0_IRQHandler
 .text.EDMA_0_CH1_IRQHandler
                0x00004fc0        0x8 ./startup/startup_mcxn947_cm33_core0.o
                0x00004fc0                EDMA_0_CH1_IRQHandler
 .text.EDMA_0_CH2_IRQHandler
                0x00004fc8        0x8 ./startup/startup_mcxn947_cm33_core0.o
                0x00004fc8                EDMA_0_CH2_IRQHandler
 .text.EDMA_0_CH3_IRQHandler
                0x00004fd0        0x8 ./startup/startup_mcxn947_cm33_core0.o
                0x00004fd0                EDMA_0_CH3_IRQHandler
 .text.EDMA_0_CH4_IRQHandler
                0x00004fd8        0x8 ./startup/startup_mcxn947_cm33_core0.o
                0x00004fd8                EDMA_0_CH4_IRQHandler
 .text.EDMA_0_CH5_IRQHandler
                0x00004fe0        0x8 ./startup/startup_mcxn947_cm33_core0.o
                0x00004fe0                EDMA_0_CH5_IRQHandler
 .text.EDMA_0_CH6_IRQHandler
                0x00004fe8        0x8 ./startup/startup_mcxn947_cm33_core0.o
                0x00004fe8                EDMA_0_CH6_IRQHandler
 .text.EDMA_0_CH7_IRQHandler
                0x00004ff0        0x8 ./startup/startup_mcxn947_cm33_core0.o
                0x00004ff0                EDMA_0_CH7_IRQHandler
 .text.EDMA_0_CH8_IRQHandler
                0x00004ff8        0x8 ./startup/startup_mcxn947_cm33_core0.o
                0x00004ff8                EDMA_0_CH8_IRQHandler
 .text.EDMA_0_CH9_IRQHandler
                0x00005000        0x8 ./startup/startup_mcxn947_cm33_core0.o
                0x00005000                EDMA_0_CH9_IRQHandler
 .text.EDMA_0_CH10_IRQHandler
                0x00005008        0x8 ./startup/startup_mcxn947_cm33_core0.o
                0x00005008                EDMA_0_CH10_IRQHandler
 .text.EDMA_0_CH11_IRQHandler
                0x00005010        0x8 ./startup/startup_mcxn947_cm33_core0.o
                0x00005010                EDMA_0_CH11_IRQHandler
 .text.EDMA_0_CH12_IRQHandler
                0x00005018        0x8 ./startup/startup_mcxn947_cm33_core0.o
                0x00005018                EDMA_0_CH12_IRQHandler
 .text.EDMA_0_CH13_IRQHandler
                0x00005020        0x8 ./startup/startup_mcxn947_cm33_core0.o
                0x00005020                EDMA_0_CH13_IRQHandler
 .text.EDMA_0_CH14_IRQHandler
                0x00005028        0x8 ./startup/startup_mcxn947_cm33_core0.o
                0x00005028                EDMA_0_CH14_IRQHandler
 .text.EDMA_0_CH15_IRQHandler
                0x00005030        0x8 ./startup/startup_mcxn947_cm33_core0.o
                0x00005030                EDMA_0_CH15_IRQHandler
 .text.GPIO00_IRQHandler
                0x00005038        0x8 ./startup/startup_mcxn947_cm33_core0.o
                0x00005038                GPIO00_IRQHandler
 .text.GPIO01_IRQHandler
                0x00005040        0x8 ./startup/startup_mcxn947_cm33_core0.o
                0x00005040                GPIO01_IRQHandler
 .text.GPIO10_IRQHandler
                0x00005048        0x8 ./startup/startup_mcxn947_cm33_core0.o
                0x00005048                GPIO10_IRQHandler
 .text.GPIO11_IRQHandler
                0x00005050        0x8 ./startup/startup_mcxn947_cm33_core0.o
                0x00005050                GPIO11_IRQHandler
 .text.GPIO20_IRQHandler
                0x00005058        0x8 ./startup/startup_mcxn947_cm33_core0.o
                0x00005058                GPIO20_IRQHandler
 .text.GPIO21_IRQHandler
                0x00005060        0x8 ./startup/startup_mcxn947_cm33_core0.o
                0x00005060                GPIO21_IRQHandler
 .text.GPIO30_IRQHandler
                0x00005068        0x8 ./startup/startup_mcxn947_cm33_core0.o
                0x00005068                GPIO30_IRQHandler
 .text.GPIO31_IRQHandler
                0x00005070        0x8 ./startup/startup_mcxn947_cm33_core0.o
                0x00005070                GPIO31_IRQHandler
 .text.GPIO40_IRQHandler
                0x00005078        0x8 ./startup/startup_mcxn947_cm33_core0.o
                0x00005078                GPIO40_IRQHandler
 .text.GPIO41_IRQHandler
                0x00005080        0x8 ./startup/startup_mcxn947_cm33_core0.o
                0x00005080                GPIO41_IRQHandler
 .text.GPIO50_IRQHandler
                0x00005088        0x8 ./startup/startup_mcxn947_cm33_core0.o
                0x00005088                GPIO50_IRQHandler
 .text.GPIO51_IRQHandler
                0x00005090        0x8 ./startup/startup_mcxn947_cm33_core0.o
                0x00005090                GPIO51_IRQHandler
 .text.UTICK0_IRQHandler
                0x00005098        0x8 ./startup/startup_mcxn947_cm33_core0.o
                0x00005098                UTICK0_IRQHandler
 .text.MRT0_IRQHandler
                0x000050a0        0x8 ./startup/startup_mcxn947_cm33_core0.o
                0x000050a0                MRT0_IRQHandler
 .text.CTIMER0_IRQHandler
                0x000050a8        0x8 ./startup/startup_mcxn947_cm33_core0.o
                0x000050a8                CTIMER0_IRQHandler
 .text.CTIMER1_IRQHandler
                0x000050b0        0x8 ./startup/startup_mcxn947_cm33_core0.o
                0x000050b0                CTIMER1_IRQHandler
 .text.SCT0_IRQHandler
                0x000050b8        0x8 ./startup/startup_mcxn947_cm33_core0.o
                0x000050b8                SCT0_IRQHandler
 .text.CTIMER2_IRQHandler
                0x000050c0        0x8 ./startup/startup_mcxn947_cm33_core0.o
                0x000050c0                CTIMER2_IRQHandler
 .text.LP_FLEXCOMM0_IRQHandler
                0x000050c8        0x8 ./startup/startup_mcxn947_cm33_core0.o
                0x000050c8                LP_FLEXCOMM0_IRQHandler
 .text.LP_FLEXCOMM1_IRQHandler
                0x000050d0        0x8 ./startup/startup_mcxn947_cm33_core0.o
                0x000050d0                LP_FLEXCOMM1_IRQHandler
 .text.LP_FLEXCOMM2_IRQHandler
                0x000050d8        0x8 ./startup/startup_mcxn947_cm33_core0.o
                0x000050d8                LP_FLEXCOMM2_IRQHandler
 .text.LP_FLEXCOMM3_IRQHandler
                0x000050e0        0x8 ./startup/startup_mcxn947_cm33_core0.o
                0x000050e0                LP_FLEXCOMM3_IRQHandler
 .text.LP_FLEXCOMM4_IRQHandler
                0x000050e8        0x8 ./startup/startup_mcxn947_cm33_core0.o
                0x000050e8                LP_FLEXCOMM4_IRQHandler
 .text.LP_FLEXCOMM5_IRQHandler
                0x000050f0        0x8 ./startup/startup_mcxn947_cm33_core0.o
                0x000050f0                LP_FLEXCOMM5_IRQHandler
 .text.LP_FLEXCOMM6_IRQHandler
                0x000050f8        0x8 ./startup/startup_mcxn947_cm33_core0.o
                0x000050f8                LP_FLEXCOMM6_IRQHandler
 .text.LP_FLEXCOMM7_IRQHandler
                0x00005100        0x8 ./startup/startup_mcxn947_cm33_core0.o
                0x00005100                LP_FLEXCOMM7_IRQHandler
 .text.LP_FLEXCOMM8_IRQHandler
                0x00005108        0x8 ./startup/startup_mcxn947_cm33_core0.o
                0x00005108                LP_FLEXCOMM8_IRQHandler
 .text.LP_FLEXCOMM9_IRQHandler
                0x00005110        0x8 ./startup/startup_mcxn947_cm33_core0.o
                0x00005110                LP_FLEXCOMM9_IRQHandler
 .text.ADC0_IRQHandler
                0x00005118        0x8 ./startup/startup_mcxn947_cm33_core0.o
                0x00005118                ADC0_IRQHandler
 .text.ADC1_IRQHandler
                0x00005120        0x8 ./startup/startup_mcxn947_cm33_core0.o
                0x00005120                ADC1_IRQHandler
 .text.PINT0_IRQHandler
                0x00005128        0x8 ./startup/startup_mcxn947_cm33_core0.o
                0x00005128                PINT0_IRQHandler
 .text.PDM_EVENT_IRQHandler
                0x00005130        0x8 ./startup/startup_mcxn947_cm33_core0.o
                0x00005130                PDM_EVENT_IRQHandler
 .text.Reserved65_IRQHandler
                0x00005138        0x8 ./startup/startup_mcxn947_cm33_core0.o
                0x00005138                Reserved65_IRQHandler
 .text.USB0_FS_IRQHandler
                0x00005140        0x8 ./startup/startup_mcxn947_cm33_core0.o
                0x00005140                USB0_FS_IRQHandler
 .text.USB0_DCD_IRQHandler
                0x00005148        0x8 ./startup/startup_mcxn947_cm33_core0.o
                0x00005148                USB0_DCD_IRQHandler
 .text.RTC_IRQHandler
                0x00005150        0x8 ./startup/startup_mcxn947_cm33_core0.o
                0x00005150                RTC_IRQHandler
 .text.SMARTDMA_IRQHandler
                0x00005158        0x8 ./startup/startup_mcxn947_cm33_core0.o
                0x00005158                SMARTDMA_IRQHandler
 .text.MAILBOX_IRQHandler
                0x00005160        0x8 ./startup/startup_mcxn947_cm33_core0.o
                0x00005160                MAILBOX_IRQHandler
 .text.CTIMER3_IRQHandler
                0x00005168        0x8 ./startup/startup_mcxn947_cm33_core0.o
                0x00005168                CTIMER3_IRQHandler
 .text.CTIMER4_IRQHandler
                0x00005170        0x8 ./startup/startup_mcxn947_cm33_core0.o
                0x00005170                CTIMER4_IRQHandler
 .text.OS_EVENT_IRQHandler
                0x00005178        0x8 ./startup/startup_mcxn947_cm33_core0.o
                0x00005178                OS_EVENT_IRQHandler
 .text.FLEXSPI0_IRQHandler
                0x00005180        0x8 ./startup/startup_mcxn947_cm33_core0.o
                0x00005180                FLEXSPI0_IRQHandler
 .text.SAI0_IRQHandler
                0x00005188        0x8 ./startup/startup_mcxn947_cm33_core0.o
                0x00005188                SAI0_IRQHandler
 .text.SAI1_IRQHandler
                0x00005190        0x8 ./startup/startup_mcxn947_cm33_core0.o
                0x00005190                SAI1_IRQHandler
 .text.USDHC0_IRQHandler
                0x00005198        0x8 ./startup/startup_mcxn947_cm33_core0.o
                0x00005198                USDHC0_IRQHandler
 .text.CAN0_IRQHandler
                0x000051a0        0x8 ./startup/startup_mcxn947_cm33_core0.o
                0x000051a0                CAN0_IRQHandler
 .text.CAN1_IRQHandler
                0x000051a8        0x8 ./startup/startup_mcxn947_cm33_core0.o
                0x000051a8                CAN1_IRQHandler
 .text.Reserved80_IRQHandler
                0x000051b0        0x8 ./startup/startup_mcxn947_cm33_core0.o
                0x000051b0                Reserved80_IRQHandler
 .text.Reserved81_IRQHandler
                0x000051b8        0x8 ./startup/startup_mcxn947_cm33_core0.o
                0x000051b8                Reserved81_IRQHandler
 .text.USB1_HS_PHY_IRQHandler
                0x000051c0        0x8 ./startup/startup_mcxn947_cm33_core0.o
                0x000051c0                USB1_HS_PHY_IRQHandler
 .text.USB1_HS_IRQHandler
                0x000051c8        0x8 ./startup/startup_mcxn947_cm33_core0.o
                0x000051c8                USB1_HS_IRQHandler
 .text.SEC_HYPERVISOR_CALL_IRQHandler
                0x000051d0        0x8 ./startup/startup_mcxn947_cm33_core0.o
                0x000051d0                SEC_HYPERVISOR_CALL_IRQHandler
 .text.Reserved85_IRQHandler
                0x000051d8        0x8 ./startup/startup_mcxn947_cm33_core0.o
                0x000051d8                Reserved85_IRQHandler
 .text.PLU_IRQHandler
                0x000051e0        0x8 ./startup/startup_mcxn947_cm33_core0.o
                0x000051e0                PLU_IRQHandler
 .text.Freqme_IRQHandler
                0x000051e8        0x8 ./startup/startup_mcxn947_cm33_core0.o
                0x000051e8                Freqme_IRQHandler
 .text.SEC_VIO_IRQHandler
                0x000051f0        0x8 ./startup/startup_mcxn947_cm33_core0.o
                0x000051f0                SEC_VIO_IRQHandler
 .text.ELS_IRQHandler
                0x000051f8        0x8 ./startup/startup_mcxn947_cm33_core0.o
                0x000051f8                ELS_IRQHandler
 .text.PKC_IRQHandler
                0x00005200        0x8 ./startup/startup_mcxn947_cm33_core0.o
                0x00005200                PKC_IRQHandler
 .text.PUF_IRQHandler
                0x00005208        0x8 ./startup/startup_mcxn947_cm33_core0.o
                0x00005208                PUF_IRQHandler
 .text.PQ_IRQHandler
                0x00005210        0x8 ./startup/startup_mcxn947_cm33_core0.o
                0x00005210                PQ_IRQHandler
 .text.EDMA_1_CH0_IRQHandler
                0x00005218        0x8 ./startup/startup_mcxn947_cm33_core0.o
                0x00005218                EDMA_1_CH0_IRQHandler
 .text.EDMA_1_CH1_IRQHandler
                0x00005220        0x8 ./startup/startup_mcxn947_cm33_core0.o
                0x00005220                EDMA_1_CH1_IRQHandler
 .text.EDMA_1_CH2_IRQHandler
                0x00005228        0x8 ./startup/startup_mcxn947_cm33_core0.o
                0x00005228                EDMA_1_CH2_IRQHandler
 .text.EDMA_1_CH3_IRQHandler
                0x00005230        0x8 ./startup/startup_mcxn947_cm33_core0.o
                0x00005230                EDMA_1_CH3_IRQHandler
 .text.EDMA_1_CH4_IRQHandler
                0x00005238        0x8 ./startup/startup_mcxn947_cm33_core0.o
                0x00005238                EDMA_1_CH4_IRQHandler
 .text.EDMA_1_CH5_IRQHandler
                0x00005240        0x8 ./startup/startup_mcxn947_cm33_core0.o
                0x00005240                EDMA_1_CH5_IRQHandler
 .text.EDMA_1_CH6_IRQHandler
                0x00005248        0x8 ./startup/startup_mcxn947_cm33_core0.o
                0x00005248                EDMA_1_CH6_IRQHandler
 .text.EDMA_1_CH7_IRQHandler
                0x00005250        0x8 ./startup/startup_mcxn947_cm33_core0.o
                0x00005250                EDMA_1_CH7_IRQHandler
 .text.EDMA_1_CH8_IRQHandler
                0x00005258        0x8 ./startup/startup_mcxn947_cm33_core0.o
                0x00005258                EDMA_1_CH8_IRQHandler
 .text.EDMA_1_CH9_IRQHandler
                0x00005260        0x8 ./startup/startup_mcxn947_cm33_core0.o
                0x00005260                EDMA_1_CH9_IRQHandler
 .text.EDMA_1_CH10_IRQHandler
                0x00005268        0x8 ./startup/startup_mcxn947_cm33_core0.o
                0x00005268                EDMA_1_CH10_IRQHandler
 .text.EDMA_1_CH11_IRQHandler
                0x00005270        0x8 ./startup/startup_mcxn947_cm33_core0.o
                0x00005270                EDMA_1_CH11_IRQHandler
 .text.EDMA_1_CH12_IRQHandler
                0x00005278        0x8 ./startup/startup_mcxn947_cm33_core0.o
                0x00005278                EDMA_1_CH12_IRQHandler
 .text.EDMA_1_CH13_IRQHandler
                0x00005280        0x8 ./startup/startup_mcxn947_cm33_core0.o
                0x00005280                EDMA_1_CH13_IRQHandler
 .text.EDMA_1_CH14_IRQHandler
                0x00005288        0x8 ./startup/startup_mcxn947_cm33_core0.o
                0x00005288                EDMA_1_CH14_IRQHandler
 .text.EDMA_1_CH15_IRQHandler
                0x00005290        0x8 ./startup/startup_mcxn947_cm33_core0.o
                0x00005290                EDMA_1_CH15_IRQHandler
 .text.CDOG0_IRQHandler
                0x00005298        0x8 ./startup/startup_mcxn947_cm33_core0.o
                0x00005298                CDOG0_IRQHandler
 .text.CDOG1_IRQHandler
                0x000052a0        0x8 ./startup/startup_mcxn947_cm33_core0.o
                0x000052a0                CDOG1_IRQHandler
 .text.I3C0_IRQHandler
                0x000052a8        0x8 ./startup/startup_mcxn947_cm33_core0.o
                0x000052a8                I3C0_IRQHandler
 .text.I3C1_IRQHandler
                0x000052b0        0x8 ./startup/startup_mcxn947_cm33_core0.o
                0x000052b0                I3C1_IRQHandler
 .text.NPU_IRQHandler
                0x000052b8        0x8 ./startup/startup_mcxn947_cm33_core0.o
                0x000052b8                NPU_IRQHandler
 .text.GDET_IRQHandler
                0x000052c0        0x8 ./startup/startup_mcxn947_cm33_core0.o
                0x000052c0                GDET_IRQHandler
 .text.VBAT0_IRQHandler
                0x000052c8        0x8 ./startup/startup_mcxn947_cm33_core0.o
                0x000052c8                VBAT0_IRQHandler
 .text.EWM0_IRQHandler
                0x000052d0        0x8 ./startup/startup_mcxn947_cm33_core0.o
                0x000052d0                EWM0_IRQHandler
 .text.TSI_END_OF_SCAN_IRQHandler
                0x000052d8        0x8 ./startup/startup_mcxn947_cm33_core0.o
                0x000052d8                TSI_END_OF_SCAN_IRQHandler
 .text.TSI_OUT_OF_SCAN_IRQHandler
                0x000052e0        0x8 ./startup/startup_mcxn947_cm33_core0.o
                0x000052e0                TSI_OUT_OF_SCAN_IRQHandler
 .text.EMVSIM0_IRQHandler
                0x000052e8        0x8 ./startup/startup_mcxn947_cm33_core0.o
                0x000052e8                EMVSIM0_IRQHandler
 .text.EMVSIM1_IRQHandler
                0x000052f0        0x8 ./startup/startup_mcxn947_cm33_core0.o
                0x000052f0                EMVSIM1_IRQHandler
 .text.FLEXIO_IRQHandler
                0x000052f8        0x8 ./startup/startup_mcxn947_cm33_core0.o
                0x000052f8                FLEXIO_IRQHandler
 .text.DAC0_IRQHandler
                0x00005300        0x8 ./startup/startup_mcxn947_cm33_core0.o
                0x00005300                DAC0_IRQHandler
 .text.DAC1_IRQHandler
                0x00005308        0x8 ./startup/startup_mcxn947_cm33_core0.o
                0x00005308                DAC1_IRQHandler
 .text.DAC2_IRQHandler
                0x00005310        0x8 ./startup/startup_mcxn947_cm33_core0.o
                0x00005310                DAC2_IRQHandler
 .text.HSCMP0_IRQHandler
                0x00005318        0x8 ./startup/startup_mcxn947_cm33_core0.o
                0x00005318                HSCMP0_IRQHandler
 .text.HSCMP1_IRQHandler
                0x00005320        0x8 ./startup/startup_mcxn947_cm33_core0.o
                0x00005320                HSCMP1_IRQHandler
 .text.HSCMP2_IRQHandler
                0x00005328        0x8 ./startup/startup_mcxn947_cm33_core0.o
                0x00005328                HSCMP2_IRQHandler
 .text.FLEXPWM0_RELOAD_ERROR_IRQHandler
                0x00005330        0x8 ./startup/startup_mcxn947_cm33_core0.o
                0x00005330                FLEXPWM0_RELOAD_ERROR_IRQHandler
 .text.FLEXPWM0_FAULT_IRQHandler
                0x00005338        0x8 ./startup/startup_mcxn947_cm33_core0.o
                0x00005338                FLEXPWM0_FAULT_IRQHandler
 .text.FLEXPWM0_SUBMODULE0_IRQHandler
                0x00005340        0x8 ./startup/startup_mcxn947_cm33_core0.o
                0x00005340                FLEXPWM0_SUBMODULE0_IRQHandler
 .text.FLEXPWM0_SUBMODULE1_IRQHandler
                0x00005348        0x8 ./startup/startup_mcxn947_cm33_core0.o
                0x00005348                FLEXPWM0_SUBMODULE1_IRQHandler
 .text.FLEXPWM0_SUBMODULE2_IRQHandler
                0x00005350        0x8 ./startup/startup_mcxn947_cm33_core0.o
                0x00005350                FLEXPWM0_SUBMODULE2_IRQHandler
 .text.FLEXPWM0_SUBMODULE3_IRQHandler
                0x00005358        0x8 ./startup/startup_mcxn947_cm33_core0.o
                0x00005358                FLEXPWM0_SUBMODULE3_IRQHandler
 .text.FLEXPWM1_RELOAD_ERROR_IRQHandler
                0x00005360        0x8 ./startup/startup_mcxn947_cm33_core0.o
                0x00005360                FLEXPWM1_RELOAD_ERROR_IRQHandler
 .text.FLEXPWM1_FAULT_IRQHandler
                0x00005368        0x8 ./startup/startup_mcxn947_cm33_core0.o
                0x00005368                FLEXPWM1_FAULT_IRQHandler
 .text.FLEXPWM1_SUBMODULE0_IRQHandler
                0x00005370        0x8 ./startup/startup_mcxn947_cm33_core0.o
                0x00005370                FLEXPWM1_SUBMODULE0_IRQHandler
 .text.FLEXPWM1_SUBMODULE1_IRQHandler
                0x00005378        0x8 ./startup/startup_mcxn947_cm33_core0.o
                0x00005378                FLEXPWM1_SUBMODULE1_IRQHandler
 .text.FLEXPWM1_SUBMODULE2_IRQHandler
                0x00005380        0x8 ./startup/startup_mcxn947_cm33_core0.o
                0x00005380                FLEXPWM1_SUBMODULE2_IRQHandler
 .text.FLEXPWM1_SUBMODULE3_IRQHandler
                0x00005388        0x8 ./startup/startup_mcxn947_cm33_core0.o
                0x00005388                FLEXPWM1_SUBMODULE3_IRQHandler
 .text.ENC0_COMPARE_IRQHandler
                0x00005390        0x8 ./startup/startup_mcxn947_cm33_core0.o
                0x00005390                ENC0_COMPARE_IRQHandler
 .text.ENC0_HOME_IRQHandler
                0x00005398        0x8 ./startup/startup_mcxn947_cm33_core0.o
                0x00005398                ENC0_HOME_IRQHandler
 .text.ENC0_WDG_SAB_IRQHandler
                0x000053a0        0x8 ./startup/startup_mcxn947_cm33_core0.o
                0x000053a0                ENC0_WDG_SAB_IRQHandler
 .text.ENC0_IDX_IRQHandler
                0x000053a8        0x8 ./startup/startup_mcxn947_cm33_core0.o
                0x000053a8                ENC0_IDX_IRQHandler
 .text.ENC1_COMPARE_IRQHandler
                0x000053b0        0x8 ./startup/startup_mcxn947_cm33_core0.o
                0x000053b0                ENC1_COMPARE_IRQHandler
 .text.ENC1_HOME_IRQHandler
                0x000053b8        0x8 ./startup/startup_mcxn947_cm33_core0.o
                0x000053b8                ENC1_HOME_IRQHandler
 .text.ENC1_WDG_SAB_IRQHandler
                0x000053c0        0x8 ./startup/startup_mcxn947_cm33_core0.o
                0x000053c0                ENC1_WDG_SAB_IRQHandler
 .text.ENC1_IDX_IRQHandler
                0x000053c8        0x8 ./startup/startup_mcxn947_cm33_core0.o
                0x000053c8                ENC1_IDX_IRQHandler
 .text.ITRC0_IRQHandler
                0x000053d0        0x8 ./startup/startup_mcxn947_cm33_core0.o
                0x000053d0                ITRC0_IRQHandler
 .text.BSP32_IRQHandler
                0x000053d8        0x8 ./startup/startup_mcxn947_cm33_core0.o
                0x000053d8                BSP32_IRQHandler
 .text.ELS_ERR_IRQHandler
                0x000053e0        0x8 ./startup/startup_mcxn947_cm33_core0.o
                0x000053e0                ELS_ERR_IRQHandler
 .text.PKC_ERR_IRQHandler
                0x000053e8        0x8 ./startup/startup_mcxn947_cm33_core0.o
                0x000053e8                PKC_ERR_IRQHandler
 .text.ERM_SINGLE_BIT_ERROR_IRQHandler
                0x000053f0        0x8 ./startup/startup_mcxn947_cm33_core0.o
                0x000053f0                ERM_SINGLE_BIT_ERROR_IRQHandler
 .text.ERM_MULTI_BIT_ERROR_IRQHandler
                0x000053f8        0x8 ./startup/startup_mcxn947_cm33_core0.o
                0x000053f8                ERM_MULTI_BIT_ERROR_IRQHandler
 .text.FMU0_IRQHandler
                0x00005400        0x8 ./startup/startup_mcxn947_cm33_core0.o
                0x00005400                FMU0_IRQHandler
 .text.ETHERNET_IRQHandler
                0x00005408        0x8 ./startup/startup_mcxn947_cm33_core0.o
                0x00005408                ETHERNET_IRQHandler
 .text.ETHERNET_PMT_IRQHandler
                0x00005410        0x8 ./startup/startup_mcxn947_cm33_core0.o
                0x00005410                ETHERNET_PMT_IRQHandler
 .text.ETHERNET_MACLP_IRQHandler
                0x00005418        0x8 ./startup/startup_mcxn947_cm33_core0.o
                0x00005418                ETHERNET_MACLP_IRQHandler
 .text.SINC_FILTER_IRQHandler
                0x00005420        0x8 ./startup/startup_mcxn947_cm33_core0.o
                0x00005420                SINC_FILTER_IRQHandler
 .text.LPTMR0_IRQHandler
                0x00005428        0x8 ./startup/startup_mcxn947_cm33_core0.o
                0x00005428                LPTMR0_IRQHandler
 .text.LPTMR1_IRQHandler
                0x00005430        0x8 ./startup/startup_mcxn947_cm33_core0.o
                0x00005430                LPTMR1_IRQHandler
 .text.SCG_IRQHandler
                0x00005438        0x8 ./startup/startup_mcxn947_cm33_core0.o
                0x00005438                SCG_IRQHandler
 .text.SPC_IRQHandler
                0x00005440        0x8 ./startup/startup_mcxn947_cm33_core0.o
                0x00005440                SPC_IRQHandler
 .text.WUU_IRQHandler
                0x00005448        0x8 ./startup/startup_mcxn947_cm33_core0.o
                0x00005448                WUU_IRQHandler
 .text.PORT_EFT_IRQHandler
                0x00005450        0x8 ./startup/startup_mcxn947_cm33_core0.o
                0x00005450                PORT_EFT_IRQHandler
 .text.ETB0_IRQHandler
                0x00005458        0x8 ./startup/startup_mcxn947_cm33_core0.o
                0x00005458                ETB0_IRQHandler
 .text.SM3_IRQHandler
                0x00005460        0x8 ./startup/startup_mcxn947_cm33_core0.o
                0x00005460                SM3_IRQHandler
 .text.TRNG0_IRQHandler
                0x00005468        0x8 ./startup/startup_mcxn947_cm33_core0.o
                0x00005468                TRNG0_IRQHandler
 .text.WWDT0_IRQHandler
                0x00005470        0x8 ./startup/startup_mcxn947_cm33_core0.o
                0x00005470                WWDT0_IRQHandler
 .text.WWDT1_IRQHandler
                0x00005478        0x8 ./startup/startup_mcxn947_cm33_core0.o
                0x00005478                WWDT1_IRQHandler
 .text.CMC0_IRQHandler
                0x00005480        0x8 ./startup/startup_mcxn947_cm33_core0.o
                0x00005480                CMC0_IRQHandler
 .text.CTI0_IRQHandler
                0x00005488        0x8 ./startup/startup_mcxn947_cm33_core0.o
                0x00005488                CTI0_IRQHandler
 .text.HardFault_Handler
                0x00005490       0x36 ./source/semihost_hardfault.o
                0x00005490                HardFault_Handler
 .text.MPL3115_I2C_Initialize
                0x000054c6       0x86 ./sensors/mpl3115_drv.o
                0x000054c6                MPL3115_I2C_Initialize
 .text.MPL3115_I2C_SetIdleTask
                0x0000554c       0x24 ./sensors/mpl3115_drv.o
                0x0000554c                MPL3115_I2C_SetIdleTask
 .text.MPL3115_I2C_Configure
                0x00005570       0xa2 ./sensors/mpl3115_drv.o
                0x00005570                MPL3115_I2C_Configure
 .text.MPL3115_I2C_ReadData
                0x00005612       0x5e ./sensors/mpl3115_drv.o
                0x00005612                MPL3115_I2C_ReadData
 .text.Sensor_I2C_Write
                0x00005670       0x7e ./interfaces/sensor_io_i2c.o
                0x00005670                Sensor_I2C_Write
 .text.Sensor_I2C_Read
                0x000056ee       0x7e ./interfaces/sensor_io_i2c.o
                0x000056ee                Sensor_I2C_Read
 .text.CLOCK_GetPll0OutFreq
                0x0000576c       0x82 ./drivers/fsl_clock.o
                0x0000576c                CLOCK_GetPll0OutFreq
 .text.CLOCK_GetPll1OutFreq
                0x000057ee       0x82 ./drivers/fsl_clock.o
                0x000057ee                CLOCK_GetPll1OutFreq
 .text.CLOCK_GetPllClkDivFreq
                0x00005870       0x5e ./drivers/fsl_clock.o
                0x00005870                CLOCK_GetPllClkDivFreq
 .text.EDMA_0_CH0_DriverIRQHandler
                0x000058ce       0x10 ./drivers/fsl_edma_soc.o
                0x000058ce                EDMA_0_CH0_DriverIRQHandler
 .text.EDMA_0_CH1_DriverIRQHandler
                0x000058de       0x10 ./drivers/fsl_edma_soc.o
                0x000058de                EDMA_0_CH1_DriverIRQHandler
 .text.EDMA_0_CH2_DriverIRQHandler
                0x000058ee       0x10 ./drivers/fsl_edma_soc.o
                0x000058ee                EDMA_0_CH2_DriverIRQHandler
 .text.EDMA_0_CH3_DriverIRQHandler
                0x000058fe       0x10 ./drivers/fsl_edma_soc.o
                0x000058fe                EDMA_0_CH3_DriverIRQHandler
 .text.EDMA_0_CH4_DriverIRQHandler
                0x0000590e       0x10 ./drivers/fsl_edma_soc.o
                0x0000590e                EDMA_0_CH4_DriverIRQHandler
 .text.EDMA_0_CH5_DriverIRQHandler
                0x0000591e       0x10 ./drivers/fsl_edma_soc.o
                0x0000591e                EDMA_0_CH5_DriverIRQHandler
 .text.EDMA_0_CH6_DriverIRQHandler
                0x0000592e       0x10 ./drivers/fsl_edma_soc.o
                0x0000592e                EDMA_0_CH6_DriverIRQHandler
 .text.EDMA_0_CH7_DriverIRQHandler
                0x0000593e       0x10 ./drivers/fsl_edma_soc.o
                0x0000593e                EDMA_0_CH7_DriverIRQHandler
 .text.EDMA_0_CH8_DriverIRQHandler
                0x0000594e       0x10 ./drivers/fsl_edma_soc.o
                0x0000594e                EDMA_0_CH8_DriverIRQHandler
 .text.EDMA_0_CH9_DriverIRQHandler
                0x0000595e       0x10 ./drivers/fsl_edma_soc.o
                0x0000595e                EDMA_0_CH9_DriverIRQHandler
 .text.EDMA_0_CH10_DriverIRQHandler
                0x0000596e       0x10 ./drivers/fsl_edma_soc.o
                0x0000596e                EDMA_0_CH10_DriverIRQHandler
 .text.EDMA_0_CH11_DriverIRQHandler
                0x0000597e       0x10 ./drivers/fsl_edma_soc.o
                0x0000597e                EDMA_0_CH11_DriverIRQHandler
 .text.EDMA_0_CH12_DriverIRQHandler
                0x0000598e       0x10 ./drivers/fsl_edma_soc.o
                0x0000598e                EDMA_0_CH12_DriverIRQHandler
 .text.EDMA_0_CH13_DriverIRQHandler
                0x0000599e       0x10 ./drivers/fsl_edma_soc.o
                0x0000599e                EDMA_0_CH13_DriverIRQHandler
 .text.EDMA_0_CH14_DriverIRQHandler
                0x000059ae       0x10 ./drivers/fsl_edma_soc.o
                0x000059ae                EDMA_0_CH14_DriverIRQHandler
 .text.EDMA_0_CH15_DriverIRQHandler
                0x000059be       0x10 ./drivers/fsl_edma_soc.o
                0x000059be                EDMA_0_CH15_DriverIRQHandler
 .text.EDMA_1_CH0_DriverIRQHandler
                0x000059ce       0x10 ./drivers/fsl_edma_soc.o
                0x000059ce                EDMA_1_CH0_DriverIRQHandler
 .text.EDMA_1_CH1_DriverIRQHandler
                0x000059de       0x10 ./drivers/fsl_edma_soc.o
                0x000059de                EDMA_1_CH1_DriverIRQHandler
 .text.EDMA_1_CH2_DriverIRQHandler
                0x000059ee       0x10 ./drivers/fsl_edma_soc.o
                0x000059ee                EDMA_1_CH2_DriverIRQHandler
 .text.EDMA_1_CH3_DriverIRQHandler
                0x000059fe       0x10 ./drivers/fsl_edma_soc.o
                0x000059fe                EDMA_1_CH3_DriverIRQHandler
 .text.EDMA_1_CH4_DriverIRQHandler
                0x00005a0e       0x10 ./drivers/fsl_edma_soc.o
                0x00005a0e                EDMA_1_CH4_DriverIRQHandler
 .text.EDMA_1_CH5_DriverIRQHandler
                0x00005a1e       0x10 ./drivers/fsl_edma_soc.o
                0x00005a1e                EDMA_1_CH5_DriverIRQHandler
 .text.EDMA_1_CH6_DriverIRQHandler
                0x00005a2e       0x10 ./drivers/fsl_edma_soc.o
                0x00005a2e                EDMA_1_CH6_DriverIRQHandler
 .text.EDMA_1_CH7_DriverIRQHandler
                0x00005a3e       0x10 ./drivers/fsl_edma_soc.o
                0x00005a3e                EDMA_1_CH7_DriverIRQHandler
 .text.EDMA_1_CH8_DriverIRQHandler
                0x00005a4e       0x10 ./drivers/fsl_edma_soc.o
                0x00005a4e                EDMA_1_CH8_DriverIRQHandler
 .text.EDMA_1_CH9_DriverIRQHandler
                0x00005a5e       0x10 ./drivers/fsl_edma_soc.o
                0x00005a5e                EDMA_1_CH9_DriverIRQHandler
 .text.EDMA_1_CH10_DriverIRQHandler
                0x00005a6e       0x10 ./drivers/fsl_edma_soc.o
                0x00005a6e                EDMA_1_CH10_DriverIRQHandler
 .text.EDMA_1_CH11_DriverIRQHandler
                0x00005a7e       0x10 ./drivers/fsl_edma_soc.o
                0x00005a7e                EDMA_1_CH11_DriverIRQHandler
 .text.EDMA_1_CH12_DriverIRQHandler
                0x00005a8e       0x10 ./drivers/fsl_edma_soc.o
                0x00005a8e                EDMA_1_CH12_DriverIRQHandler
 .text.EDMA_1_CH13_DriverIRQHandler
                0x00005a9e       0x10 ./drivers/fsl_edma_soc.o
                0x00005a9e                EDMA_1_CH13_DriverIRQHandler
 .text.EDMA_1_CH14_DriverIRQHandler
                0x00005aae       0x10 ./drivers/fsl_edma_soc.o
                0x00005aae                EDMA_1_CH14_DriverIRQHandler
 .text.EDMA_1_CH15_DriverIRQHandler
                0x00005abe       0x10 ./drivers/fsl_edma_soc.o
                0x00005abe                EDMA_1_CH15_DriverIRQHandler
 .text.CLOCK_EnableClock
                0x00005ace       0x38 ./drivers/fsl_lpflexcomm.o
 .text.CLOCK_DisableClock
                0x00005b06       0x38 ./drivers/fsl_lpflexcomm.o
 .text.LP_FLEXCOMM_PeripheralIsPresent
                0x00005b3e       0x52 ./drivers/fsl_lpflexcomm.o
 .text.LP_FLEXCOMM0_DriverIRQHandler
                0x00005b90        0xe ./drivers/fsl_lpflexcomm.o
                0x00005b90                LP_FLEXCOMM0_DriverIRQHandler
 .text.LP_FLEXCOMM1_DriverIRQHandler
                0x00005b9e        0xe ./drivers/fsl_lpflexcomm.o
                0x00005b9e                LP_FLEXCOMM1_DriverIRQHandler
 .text.LP_FLEXCOMM2_DriverIRQHandler
                0x00005bac        0xe ./drivers/fsl_lpflexcomm.o
                0x00005bac                LP_FLEXCOMM2_DriverIRQHandler
 .text.LP_FLEXCOMM3_DriverIRQHandler
                0x00005bba        0xe ./drivers/fsl_lpflexcomm.o
                0x00005bba                LP_FLEXCOMM3_DriverIRQHandler
 .text.LP_FLEXCOMM4_DriverIRQHandler
                0x00005bc8        0xe ./drivers/fsl_lpflexcomm.o
                0x00005bc8                LP_FLEXCOMM4_DriverIRQHandler
 .text.LP_FLEXCOMM5_DriverIRQHandler
                0x00005bd6        0xe ./drivers/fsl_lpflexcomm.o
                0x00005bd6                LP_FLEXCOMM5_DriverIRQHandler
 .text.LP_FLEXCOMM6_DriverIRQHandler
                0x00005be4        0xe ./drivers/fsl_lpflexcomm.o
                0x00005be4                LP_FLEXCOMM6_DriverIRQHandler
 .text.LP_FLEXCOMM7_DriverIRQHandler
                0x00005bf2        0xe ./drivers/fsl_lpflexcomm.o
                0x00005bf2                LP_FLEXCOMM7_DriverIRQHandler
 .text.LP_FLEXCOMM8_DriverIRQHandler
                0x00005c00        0xe ./drivers/fsl_lpflexcomm.o
                0x00005c00                LP_FLEXCOMM8_DriverIRQHandler
 .text.LP_FLEXCOMM9_DriverIRQHandler
                0x00005c0e        0xe ./drivers/fsl_lpflexcomm.o
                0x00005c0e                LP_FLEXCOMM9_DriverIRQHandler
 .text.EnableIRQ
                0x00005c1c       0x32 ./drivers/fsl_lpi2c.o
 .text.LPI2C_MasterReset
                0x00005c4e       0x20 ./drivers/fsl_lpi2c.o
 .text.LPI2C_MasterEnable
                0x00005c6e       0x28 ./drivers/fsl_lpi2c.o
 .text.LPI2C_MasterGetStatusFlags
                0x00005c96       0x18 ./drivers/fsl_lpi2c.o
 .text.LPI2C_MasterClearStatusFlags
                0x00005cae       0x1c ./drivers/fsl_lpi2c.o
 .text.LPI2C_MasterEnableInterrupts
                0x00005cca       0x22 ./drivers/fsl_lpi2c.o
 .text.LPI2C_MasterDisableInterrupts
                0x00005cec       0x24 ./drivers/fsl_lpi2c.o
 .text.LPI2C_MasterGetEnabledInterrupts
                0x00005d10       0x18 ./drivers/fsl_lpi2c.o
 .text.LPI2C_MasterSetWatermarks
                0x00005d28       0x2c ./drivers/fsl_lpi2c.o
 .text.LPI2C_MasterGetFifoCounts
                0x00005d54       0x3e ./drivers/fsl_lpi2c.o
 .text.LPI2C_SlaveReset
                0x00005d92       0x24 ./drivers/fsl_lpi2c.o
 .text.LPI2C_SlaveGetStatusFlags
                0x00005db6       0x1a ./drivers/fsl_lpi2c.o
 .text.LPI2C_SlaveClearStatusFlags
                0x00005dd0       0x1e ./drivers/fsl_lpi2c.o
 .text.LPI2C_SlaveEnableInterrupts
                0x00005dee       0x26 ./drivers/fsl_lpi2c.o
 .text.LPI2C_SlaveDisableInterrupts
                0x00005e14       0x28 ./drivers/fsl_lpi2c.o
 .text.LPI2C_SlaveTransmitAck
                0x00005e3c       0x28 ./drivers/fsl_lpi2c.o
 .text.LPI2C_MasterCheckAndClearError
                0x00005e64       0x80 ./drivers/fsl_lpi2c.o
                0x00005e64                LPI2C_MasterCheckAndClearError
 .text.LPI2C_CheckForBusyBus
                0x00005ee4       0x38 ./drivers/fsl_lpi2c.o
                0x00005ee4                LPI2C_CheckForBusyBus
 .text.LPI2C_MasterDeinit
                0x00005f1c       0x24 ./drivers/fsl_lpi2c.o
                0x00005f1c                LPI2C_MasterDeinit
 .text.LPI2C_InitTransferStateMachine
                0x00005f40      0x118 ./drivers/fsl_lpi2c.o
 .text.LPI2C_SlaveGetDefaultConfig
                0x00006058       0x80 ./drivers/fsl_lpi2c.o
                0x00006058                LPI2C_SlaveGetDefaultConfig
 .text.LPI2C_SlaveCheckAndClearError
                0x000060d8       0x50 ./drivers/fsl_lpi2c.o
 .text.LPI2C_MasterGetStatusFlags
                0x00006128       0x18 ./drivers/fsl_lpi2c_cmsis.o
 .text.LPI2C_SlaveGetStatusFlags
                0x00006140       0x1a ./drivers/fsl_lpi2c_cmsis.o
 .text.LPI2Cx_GetCapabilities
                0x0000615a       0x10 ./drivers/fsl_lpi2c_cmsis.o
 .text.KSDK_LPI2C_SLAVE_InterruptCallback
                0x0000616a       0x6c ./drivers/fsl_lpi2c_cmsis.o
 .text.KSDK_LPI2C_MASTER_InterruptCallback
                0x000061d6       0x4a ./drivers/fsl_lpi2c_cmsis.o
 .text.LPI2C_InterruptInitialize
                0x00006220       0x30 ./drivers/fsl_lpi2c_cmsis.o
 .text.LPI2C_InterruptUninitialize
                0x00006250       0x1c ./drivers/fsl_lpi2c_cmsis.o
 .text.LPI2C_Slave_InterruptTransmit
                0x0000626c       0x7e ./drivers/fsl_lpi2c_cmsis.o
 .text.LPI2C_Slave_InterruptReceive
                0x000062ea       0x7e ./drivers/fsl_lpi2c_cmsis.o
 .text.LPI2C_InterruptGetDataCount
                0x00006368       0x58 ./drivers/fsl_lpi2c_cmsis.o
 .text.LPI2C_InterruptPowerControl
                0x000063c0       0xe6 ./drivers/fsl_lpi2c_cmsis.o
 .text.LPI2C_InterruptGetStatus
                0x000064a6       0xb0 ./drivers/fsl_lpi2c_cmsis.o
 .text.LPUART_SoftwareReset
                0x00006556       0x2c ./drivers/fsl_lpuart.o
 .text.SPC_GetActiveModeBandgapMode
                0x00006582       0x22 ./drivers/fsl_spc.o
 .text.SPC_GetActiveModeVoltageDetectStatus
                0x000065a4       0x22 ./drivers/fsl_spc.o
 .text.SPC_SetActiveModeDCDCRegulatorVoltageLevel
                0x000065c6       0x32 ./drivers/fsl_spc.o
 .text.SPC_SetActiveModeDCDCRegulatorDriveStrength
                0x000065f8       0x60 ./drivers/fsl_spc.o
                0x000065f8                SPC_SetActiveModeDCDCRegulatorDriveStrength
 .text.SystemInitHook
                0x00006658        0xe ./device/system_MCXN947_cm33_core0.o
                0x00006658                SystemInitHook
 .text.HAL_UartGetStatus
                0x00006666       0x28 ./component/uart/fsl_adapter_lpuart.o
 .text.DisableGlobalIRQ
                0x0000668e       0x22 ./component/serial_manager/fsl_component_serial_manager.o
 .text.EnableGlobalIRQ
                0x000066b0       0x20 ./component/serial_manager/fsl_component_serial_manager.o
 .text.SerialManager_StartWriting
                0x000066d0       0x38 ./component/serial_manager/fsl_component_serial_manager.o
 .text.SerialManager_StartReading
                0x00006708       0x38 ./component/serial_manager/fsl_component_serial_manager.o
 .text.SerialManager_Write
                0x00006740       0x44 ./component/serial_manager/fsl_component_serial_manager.o
 .text.SerialManager_Read
                0x00006784       0x44 ./component/serial_manager/fsl_component_serial_manager.o
 .text.SerialManager_Init
                0x000067c8       0x60 ./component/serial_manager/fsl_component_serial_manager.o
                0x000067c8                SerialManager_Init
 .text.SerialManager_OpenWriteHandle
                0x00006828       0x50 ./component/serial_manager/fsl_component_serial_manager.o
                0x00006828                SerialManager_OpenWriteHandle
 .text.SerialManager_OpenReadHandle
                0x00006878       0x60 ./component/serial_manager/fsl_component_serial_manager.o
                0x00006878                SerialManager_OpenReadHandle
 .text.SerialManager_WriteBlocking
                0x000068d8       0x20 ./component/serial_manager/fsl_component_serial_manager.o
                0x000068d8                SerialManager_WriteBlocking
 .text.SerialManager_ReadBlocking
                0x000068f8       0x20 ./component/serial_manager/fsl_component_serial_manager.o
                0x000068f8                SerialManager_ReadBlocking
 .text.Serial_UartInit
                0x00006918       0x3e ./component/serial_manager/fsl_component_serial_port_uart.o
                0x00006918                Serial_UartInit
 .text.Serial_UartWrite
                0x00006956       0x38 ./component/serial_manager/fsl_component_serial_port_uart.o
                0x00006956                Serial_UartWrite
 .text.Serial_UartRead
                0x0000698e       0x38 ./component/serial_manager/fsl_component_serial_port_uart.o
                0x0000698e                Serial_UartRead
 .text.CLOCK_EnableClock
                0x000069c6       0x38 ./board/clock_config.o
 .text.BOARD_BootClockRUN
                0x000069fe       0x28 ./board/frdmmcxn947.o
                0x000069fe                BOARD_BootClockRUN
 .text.SMC_SetPowerModeVlpr
                0x00006a26       0x16 ./board/frdmmcxn947.o
                0x00006a26                SMC_SetPowerModeVlpr
 .text.LPI2C2_GetFreq
                0x00006a3c       0x22 ./board/frdmmcxn947.o
                0x00006a3c                LPI2C2_GetFreq
 .text.CLOCK_EnableClock
                0x00006a5e       0x38 ./board/pin_mux.o
 .text.__main   0x00006a96        0xe c:/nxp/mcuxpressoide_11.9.0_2089_prc1/ide/plugins/com.nxp.mcuxpresso.tools.win32_11.9.0.202307121226/tools/bin/../lib/gcc/arm-none-eabi/12.3.1/../../../../arm-none-eabi/lib/thumb/v8-m.main+fp/hard\libcr_nohost_nf.a(_cr__main.o)
                0x00006a96                __main
 .text.memcpy   0x00006aa4        0x4 c:/nxp/mcuxpressoide_11.9.0_2089_prc1/ide/plugins/com.nxp.mcuxpresso.tools.win32_11.9.0.202307121226/tools/bin/../lib/gcc/arm-none-eabi/12.3.1/../../../../arm-none-eabi/lib/thumb/v8-m.main+fp/hard\libcr_c.a(memcpy.o)
                0x00006aa4                memcpy
 .text.memset   0x00006aa8        0x4 c:/nxp/mcuxpressoide_11.9.0_2089_prc1/ide/plugins/com.nxp.mcuxpresso.tools.win32_11.9.0.202307121226/tools/bin/../lib/gcc/arm-none-eabi/12.3.1/../../../../arm-none-eabi/lib/thumb/v8-m.main+fp/hard\libcr_c.a(memset.o)
                0x00006aa8                memset
 .text.free     0x00006aac       0x30 c:/nxp/mcuxpressoide_11.9.0_2089_prc1/ide/plugins/com.nxp.mcuxpresso.tools.win32_11.9.0.202307121226/tools/bin/../lib/gcc/arm-none-eabi/12.3.1/../../../../arm-none-eabi/lib/thumb/v8-m.main+fp/hard\libcr_c.a(alloc.o)
                0x00006aac                free
 .text.setvbuf  0x00006adc       0x3e c:/nxp/mcuxpressoide_11.9.0_2089_prc1/ide/plugins/com.nxp.mcuxpresso.tools.win32_11.9.0.202307121226/tools/bin/../lib/gcc/arm-none-eabi/12.3.1/../../../../arm-none-eabi/lib/thumb/v8-m.main+fp/hard\libcr_c.a(setvbuf.o)
                0x00006adc                setvbuf
 .text.strlen   0x00006b1a       0x4e c:/nxp/mcuxpressoide_11.9.0_2089_prc1/ide/plugins/com.nxp.mcuxpresso.tools.win32_11.9.0.202307121226/tools/bin/../lib/gcc/arm-none-eabi/12.3.1/../../../../arm-none-eabi/lib/thumb/v8-m.main+fp/hard\libcr_c.a(strlen.o)
                0x00006b1a                strlen
 .text._deferredlazyseek
                0x00006b68       0x40 c:/nxp/mcuxpressoide_11.9.0_2089_prc1/ide/plugins/com.nxp.mcuxpresso.tools.win32_11.9.0.202307121226/tools/bin/../lib/gcc/arm-none-eabi/12.3.1/../../../../arm-none-eabi/lib/thumb/v8-m.main+fp/hard\libcr_c.a(_deferredlazyseek.o)
                0x00006b68                _deferredlazyseek
 .text._fdopen  0x00006ba8       0x68 c:/nxp/mcuxpressoide_11.9.0_2089_prc1/ide/plugins/com.nxp.mcuxpresso.tools.win32_11.9.0.202307121226/tools/bin/../lib/gcc/arm-none-eabi/12.3.1/../../../../arm-none-eabi/lib/thumb/v8-m.main+fp/hard\libcr_c.a(_fdopen.o)
                0x00006ba8                _fdopen
 .text._fflush  0x00006c10       0x52 c:/nxp/mcuxpressoide_11.9.0_2089_prc1/ide/plugins/com.nxp.mcuxpresso.tools.win32_11.9.0.202307121226/tools/bin/../lib/gcc/arm-none-eabi/12.3.1/../../../../arm-none-eabi/lib/thumb/v8-m.main+fp/hard\libcr_c.a(_fflush.o)
                0x00006c10                _fflush
 .text.fclose   0x00006c62       0x58 c:/nxp/mcuxpressoide_11.9.0_2089_prc1/ide/plugins/com.nxp.mcuxpresso.tools.win32_11.9.0.202307121226/tools/bin/../lib/gcc/arm-none-eabi/12.3.1/../../../../arm-none-eabi/lib/thumb/v8-m.main+fp/hard\libcr_c.a(fclose.o)
                0x00006c62                fclose
 .text.remove   0x00006cba       0x14 c:/nxp/mcuxpressoide_11.9.0_2089_prc1/ide/plugins/com.nxp.mcuxpresso.tools.win32_11.9.0.202307121226/tools/bin/../lib/gcc/arm-none-eabi/12.3.1/../../../../arm-none-eabi/lib/thumb/v8-m.main+fp/hard\libcr_c.a(remove.o)
                0x00006cba                remove
 .text._do_fflush
                0x00006cce       0x40 c:/nxp/mcuxpressoide_11.9.0_2089_prc1/ide/plugins/com.nxp.mcuxpresso.tools.win32_11.9.0.202307121226/tools/bin/../lib/gcc/arm-none-eabi/12.3.1/../../../../arm-none-eabi/lib/thumb/v8-m.main+fp/hard\libcr_c.a(_do_fflush.o)
                0x00006cce                _do_fflush
 .text.__aeabi_division_ldivmod
                0x00006d0e       0x26 c:/nxp/mcuxpressoide_11.9.0_2089_prc1/ide/plugins/com.nxp.mcuxpresso.tools.win32_11.9.0.202307121226/tools/bin/../lib/gcc/arm-none-eabi/12.3.1/thumb/v8-m.main+fp/hard\libcr_eabihelpers.a(division_64.o)
                0x00006d0e                __aeabi_ldivmod
 .text.__aeabi_division_uldivmod
                0x00006d34      0x174 c:/nxp/mcuxpressoide_11.9.0_2089_prc1/ide/plugins/com.nxp.mcuxpresso.tools.win32_11.9.0.202307121226/tools/bin/../lib/gcc/arm-none-eabi/12.3.1/thumb/v8-m.main+fp/hard\libcr_eabihelpers.a(division_64.o)
                0x00006d34                __aeabi_uldivmod
                0x00006d38                __bhs_ldivmod1
 .text.__aeabi_division_idiv0
                0x00006ea8        0x2 c:/nxp/mcuxpressoide_11.9.0_2089_prc1/ide/plugins/com.nxp.mcuxpresso.tools.win32_11.9.0.202307121226/tools/bin/../lib/gcc/arm-none-eabi/12.3.1/thumb/v8-m.main+fp/hard\libcr_eabihelpers.a(division_idiv0.o)
                0x00006ea8                __aeabi_idiv0
 .text.__aeabi_f2ulz
                0x00006eaa       0x3e c:/nxp/mcuxpressoide_11.9.0_2089_prc1/ide/plugins/com.nxp.mcuxpresso.tools.win32_11.9.0.202307121226/tools/bin/../lib/gcc/arm-none-eabi/12.3.1/thumb/v8-m.main+fp/hard\libcr_eabihelpers.a(float.o)
                0x00006eaa                __aeabi_f2ulz
 .text.__aeabi_memcpy
                0x00006ee8       0x34 c:/nxp/mcuxpressoide_11.9.0_2089_prc1/ide/plugins/com.nxp.mcuxpresso.tools.win32_11.9.0.202307121226/tools/bin/../lib/gcc/arm-none-eabi/12.3.1/thumb/v8-m.main+fp/hard\libcr_eabihelpers.a(memcpy.o)
                0x00006ee8                __aeabi_memcpy
                0x00006ef2                __aeabi_memcpy8
                0x00006ef2                __aeabi_memcpy4
 .text.__aeabi_memset_lowlevel
                0x00006f1c       0x32 c:/nxp/mcuxpressoide_11.9.0_2089_prc1/ide/plugins/com.nxp.mcuxpresso.tools.win32_11.9.0.202307121226/tools/bin/../lib/gcc/arm-none-eabi/12.3.1/thumb/v8-m.main+fp/hard\libcr_eabihelpers.a(memcpy.o)
                0x00006f1c                __aeabi_lowlevel_memset
 .text.__sys_close
                0x00006f4e        0x6 c:/nxp/mcuxpressoide_11.9.0_2089_prc1/ide/plugins/com.nxp.mcuxpresso.tools.win32_11.9.0.202307121226/tools/bin/../lib/gcc/arm-none-eabi/12.3.1/../../../../arm-none-eabi/lib/thumb/v8-m.main+fp/hard\libcr_nohost_nf.a(__sys_close.o)
                0x00006f4e                __sys_close
 .text.__sys_flen
                0x00006f54        0x6 c:/nxp/mcuxpressoide_11.9.0_2089_prc1/ide/plugins/com.nxp.mcuxpresso.tools.win32_11.9.0.202307121226/tools/bin/../lib/gcc/arm-none-eabi/12.3.1/../../../../arm-none-eabi/lib/thumb/v8-m.main+fp/hard\libcr_nohost_nf.a(__sys_flen.o)
                0x00006f54                __sys_flen
 .text.__sys_istty
                0x00006f5a        0x6 c:/nxp/mcuxpressoide_11.9.0_2089_prc1/ide/plugins/com.nxp.mcuxpresso.tools.win32_11.9.0.202307121226/tools/bin/../lib/gcc/arm-none-eabi/12.3.1/../../../../arm-none-eabi/lib/thumb/v8-m.main+fp/hard\libcr_nohost_nf.a(__sys_istty.o)
                0x00006f5a                __sys_istty
 .text.__sys_remove
                0x00006f60        0x6 c:/nxp/mcuxpressoide_11.9.0_2089_prc1/ide/plugins/com.nxp.mcuxpresso.tools.win32_11.9.0.202307121226/tools/bin/../lib/gcc/arm-none-eabi/12.3.1/../../../../arm-none-eabi/lib/thumb/v8-m.main+fp/hard\libcr_nohost_nf.a(__sys_remove.o)
                0x00006f60                __sys_remove
 .text.__sys_seek
                0x00006f66        0x6 c:/nxp/mcuxpressoide_11.9.0_2089_prc1/ide/plugins/com.nxp.mcuxpresso.tools.win32_11.9.0.202307121226/tools/bin/../lib/gcc/arm-none-eabi/12.3.1/../../../../arm-none-eabi/lib/thumb/v8-m.main+fp/hard\libcr_nohost_nf.a(__sys_seek.o)
                0x00006f66                __sys_seek
 .text.__sys_tmpnam
                0x00006f6c        0x6 c:/nxp/mcuxpressoide_11.9.0_2089_prc1/ide/plugins/com.nxp.mcuxpresso.tools.win32_11.9.0.202307121226/tools/bin/../lib/gcc/arm-none-eabi/12.3.1/../../../../arm-none-eabi/lib/thumb/v8-m.main+fp/hard\libcr_nohost_nf.a(__sys_tmpnam.o)
                0x00006f6c                __sys_tmpnam
 .text.__sys_write
                0x00006f72        0x4 c:/nxp/mcuxpressoide_11.9.0_2089_prc1/ide/plugins/com.nxp.mcuxpresso.tools.win32_11.9.0.202307121226/tools/bin/../lib/gcc/arm-none-eabi/12.3.1/../../../../arm-none-eabi/lib/thumb/v8-m.main+fp/hard\libcr_nohost_nf.a(__sys_write.o)
                0x00006f72                __sys_write
 *(SORT_BY_ALIGNMENT(.rodata) SORT_BY_ALIGNMENT(.rodata.*) SORT_BY_ALIGNMENT(.constdata) SORT_BY_ALIGNMENT(.constdata.*))
 *fill*         0x00006f76        0x2 ff
 .rodata.__assertion_failed.str1.4
                0x00006f78       0x14 ./utilities/fsl_assert.o
 .rodata.cMpl3115ConfigNormal
                0x00006f8c       0x10 ./source/mpl3115_normal.o
                0x00006f8c                cMpl3115ConfigNormal
 .rodata.cMpl3115Status
                0x00006f9c        0x8 ./source/mpl3115_normal.o
                0x00006f9c                cMpl3115Status
 .rodata.cMpl3115OutputNormal
                0x00006fa4        0x8 ./source/mpl3115_normal.o
                0x00006fa4                cMpl3115OutputNormal
 .rodata.main.str1.4
                0x00006fac      0x200 ./source/mpl3115_normal.o
 .rodata.s_edmaBases
                0x000071ac        0x8 ./drivers/fsl_edma.o
 .rodata.EDMA_HandleIRQ.str1.4
                0x000071b4       0x21 ./drivers/fsl_edma.o
 *fill*         0x000071d5        0x3 ff
 .rodata.s_lpflexcommClocks
                0x000071d8       0x14 ./drivers/fsl_lpflexcomm.o
 .rodata.s_lpflexcommResets
                0x000071ec       0x28 ./drivers/fsl_lpflexcomm.o
 .rodata.LP_FLEXCOMM_SetPeriph.str1.4
                0x00007214       0x43 ./drivers/fsl_lpflexcomm.o
 *fill*         0x00007257        0x1 ff
 .rodata.LP_FLEXCOMM_Init.str1.4
                0x00007258       0x49 ./drivers/fsl_lpflexcomm.o
 *fill*         0x000072a1        0x3 ff
 .rodata.LP_FLEXCOMM_Deinit.str1.4
                0x000072a4       0x49 ./drivers/fsl_lpflexcomm.o
 *fill*         0x000072ed        0x3 ff
 .rodata.LP_FLEXCOMM_SetIRQHandler.str1.4
                0x000072f0       0x49 ./drivers/fsl_lpflexcomm.o
 *fill*         0x00007339        0x3 ff
 .rodata.kLpi2cBases
                0x0000733c       0x28 ./drivers/fsl_lpi2c.o
 .rodata.kLpi2cIrqs
                0x00007364       0x14 ./drivers/fsl_lpi2c.o
                0x00007364                kLpi2cIrqs
 .rodata.LPI2C_GetInstance.str1.4
                0x00007378       0x35 ./drivers/fsl_lpi2c.o
 *fill*         0x000073ad        0x3 ff
 .rodata.LPI2C_GetCyclesForWidth.str1.4
                0x000073b0       0x26 ./drivers/fsl_lpi2c.o
 *fill*         0x000073d6        0x2 ff
 .rodata.LPI2C_MasterInit.str1.4
                0x000073d8       0x18 ./drivers/fsl_lpi2c.o
 .rodata.LPI2C_MasterTransferCreateHandle.str1.4
                0x000073f0       0x21 ./drivers/fsl_lpi2c.o
 *fill*         0x00007411        0x3 ff
 .rodata.LPI2C_RunTransferStateMachine.str1.4
                0x00007414       0x19 ./drivers/fsl_lpi2c.o
 *fill*         0x0000742d        0x3 ff
 .rodata.LPI2C_MasterTransferNonBlocking.str1.4
                0x00007430       0x94 ./drivers/fsl_lpi2c.o
 .rodata.LPI2C_MasterTransferGetCount.str1.4
                0x000074c4       0x22 ./drivers/fsl_lpi2c.o
 *fill*         0x000074e6        0x2 ff
 .rodata.LPI2C_MasterTransferHandleIRQ.str1.4
                0x000074e8       0x66 ./drivers/fsl_lpi2c.o
 *fill*         0x0000754e        0x2 ff
 .rodata.LPI2C_SlaveInit.str1.4
                0x00007550       0x19 ./drivers/fsl_lpi2c.o
 *fill*         0x00007569        0x3 ff
 .rodata.LPI2C_SlaveTransferCreateHandle.str1.4
                0x0000756c       0x22 ./drivers/fsl_lpi2c.o
 *fill*         0x0000758e        0x2 ff
 .rodata.LPI2C_SlaveTransferNonBlocking.str1.4
                0x00007590       0x22 ./drivers/fsl_lpi2c.o
 *fill*         0x000075b2        0x2 ff
 .rodata.LPI2C_SlaveTransferGetCount.str1.4
                0x000075b4       0x22 ./drivers/fsl_lpi2c.o
 *fill*         0x000075d6        0x2 ff
 .rodata.LPI2C_SlaveTransferAbort.str1.4
                0x000075d8       0x22 ./drivers/fsl_lpi2c.o
 *fill*         0x000075fa        0x2 ff
 .rodata.LPI2C_SlaveTransferHandleIRQ.str1.4
                0x000075fc       0x36 ./drivers/fsl_lpi2c.o
 *fill*         0x00007632        0x2 ff
 .rodata.s_lpi2cDriverVersion
                0x00007634        0x4 ./drivers/fsl_lpi2c_cmsis.o
 .rodata.LPI2C2_Resource
                0x00007638        0x8 ./drivers/fsl_lpi2c_cmsis.o
 .rodata.Driver_I2C2
                0x00007640       0x30 ./drivers/fsl_lpi2c_cmsis.o
                0x00007640                Driver_I2C2
 .rodata.s_lpuartBases
                0x00007670       0x28 ./drivers/fsl_lpuart.o
 .rodata.LPUART_GetInstance.str1.4
                0x00007698       0x38 ./drivers/fsl_lpuart.o
 .rodata.LPUART_Init.str1.4
                0x000076d0      0x10a ./drivers/fsl_lpuart.o
 *fill*         0x000077da        0x2 ff
 .rodata.LPUART_GetDefaultConfig.str1.4
                0x000077dc       0x22 ./drivers/fsl_lpuart.o
 *fill*         0x000077fe        0x2 ff
 .rodata.LPUART_WriteBlocking.str1.4
                0x00007800       0x20 ./drivers/fsl_lpuart.o
 .rodata.LPUART_ReadBlocking.str1.4
                0x00007820       0x21 ./drivers/fsl_lpuart.o
 *fill*         0x00007841        0x3 ff
 .rodata.RESET_SetPeripheralReset.str1.4
                0x00007844       0x1e ./drivers/fsl_reset.o
 *fill*         0x00007862        0x2 ff
 .rodata.RESET_ClearPeripheralReset.str1.4
                0x00007864       0x1e ./drivers/fsl_reset.o
 *fill*         0x00007882        0x2 ff
 .rodata.SPC_SetSRAMOperateVoltage.str1.4
                0x00007884       0x1f ./drivers/fsl_spc.o
 *fill*         0x000078a3        0x1 ff
 .rodata.SPC_SetActiveModeDCDCRegulatorConfig.str1.4
                0x000078a4       0x20 ./drivers/fsl_spc.o
 .rodata.s_LpuartAdapterBase
                0x000078c4       0x28 ./component/uart/fsl_adapter_lpuart.o
 .rodata.HAL_UartInit.str1.4
                0x000078ec      0x105 ./component/uart/fsl_adapter_lpuart.o
 *fill*         0x000079f1        0x3 ff
 .rodata.HAL_UartReceiveBlocking.str1.4
                0x000079f4       0x7b ./component/uart/fsl_adapter_lpuart.o
 *fill*         0x00007a6f        0x1 ff
 .rodata.HAL_UartSendBlocking.str1.4
                0x00007a70       0x7b ./component/uart/fsl_adapter_lpuart.o
 *fill*         0x00007aeb        0x1 ff
 .rodata        0x00007aec        0x6 ./board/board.o
 *fill*         0x00007af2        0x2 ff
 .rodata.PORT_SetPinConfig.str1.4
                0x00007af4       0x8e ./board/pin_mux.o
 *fill*         0x00007b82        0x2 ff
 .rodata.__num_Ciob_streams
                0x00007b84        0x4 c:/nxp/mcuxpressoide_11.9.0_2089_prc1/ide/plugins/com.nxp.mcuxpresso.tools.win32_11.9.0.202307121226/tools/bin/../lib/gcc/arm-none-eabi/12.3.1/../../../../arm-none-eabi/lib/thumb/v8-m.main+fp/hard\libcr_nohost_nf.a(__ciob.o)
                0x00007b84                __num_Ciob_streams
 .rodata._initio.str1.1
                0x00007b88        0x4 c:/nxp/mcuxpressoide_11.9.0_2089_prc1/ide/plugins/com.nxp.mcuxpresso.tools.win32_11.9.0.202307121226/tools/bin/../lib/gcc/arm-none-eabi/12.3.1/../../../../arm-none-eabi/lib/thumb/v8-m.main+fp/hard\libcr_c.a(initio.o)
                0x00007b8c                        . = ALIGN (0x4)

.glue_7         0x00007b8c        0x0
 .glue_7        0x00007b8c        0x0 linker stubs

.glue_7t        0x00007b8c        0x0
 .glue_7t       0x00007b8c        0x0 linker stubs

.vfp11_veneer   0x00007b8c        0x0
 .vfp11_veneer  0x00007b8c        0x0 linker stubs

.v4_bx          0x00007b8c        0x0
 .v4_bx         0x00007b8c        0x0 linker stubs

.iplt           0x00007b8c        0x0
 .iplt          0x00007b8c        0x0 ./utilities/fsl_assert.o

.rel.dyn        0x00007b8c        0x0
 .rel.iplt      0x00007b8c        0x0 ./utilities/fsl_assert.o

.ARM.extab
 *(SORT_BY_ALIGNMENT(.ARM.extab*) SORT_BY_ALIGNMENT(.gnu.linkonce.armextab.*))

.ARM.exidx      0x00007b8c        0x0
                0x00007b8c                        __exidx_start = .
 *(SORT_BY_ALIGNMENT(.ARM.exidx*) SORT_BY_ALIGNMENT(.gnu.linkonce.armexidx.*))
                0x00007b8c                        __exidx_end = .
                0x00007b8c                        _etext = .

.m_usb_data
 *(SORT_BY_ALIGNMENT(m_usb_global))

.data_RAM2      0x04000000        0x0 load address 0x00007b8c
 FILL mask 0xff
                [!provide]                        PROVIDE (__start_data_RAM2 = .)
                [!provide]                        PROVIDE (__start_data_SRAMX = .)
 *(SORT_BY_ALIGNMENT(.ramfunc.$RAM2))
 *(SORT_BY_ALIGNMENT(.ramfunc.$SRAMX))
 *(SORT_BY_ALIGNMENT(.data.$RAM2))
 *(SORT_BY_ALIGNMENT(.data.$SRAMX))
 *(SORT_BY_ALIGNMENT(.data.$RAM2.*))
 *(SORT_BY_ALIGNMENT(.data.$SRAMX.*))
                0x04000000                        . = ALIGN (0x4)
                [!provide]                        PROVIDE (__end_data_RAM2 = .)
                [!provide]                        PROVIDE (__end_data_SRAMX = .)

.data_RAM3      0x20060000        0x0 load address 0x00007b8c
 FILL mask 0xff
                [!provide]                        PROVIDE (__start_data_RAM3 = .)
                [!provide]                        PROVIDE (__start_data_SRAMH = .)
 *(SORT_BY_ALIGNMENT(.ramfunc.$RAM3))
 *(SORT_BY_ALIGNMENT(.ramfunc.$SRAMH))
 *(SORT_BY_ALIGNMENT(.data.$RAM3))
 *(SORT_BY_ALIGNMENT(.data.$SRAMH))
 *(SORT_BY_ALIGNMENT(.data.$RAM3.*))
 *(SORT_BY_ALIGNMENT(.data.$SRAMH.*))
                0x20060000                        . = ALIGN (0x4)
                [!provide]                        PROVIDE (__end_data_RAM3 = .)
                [!provide]                        PROVIDE (__end_data_SRAMH = .)

.data_RAM4      0x400ba000        0x0 load address 0x00007b8c
 FILL mask 0xff
                [!provide]                        PROVIDE (__start_data_RAM4 = .)
                [!provide]                        PROVIDE (__start_data_USB_RAM = .)
 *(SORT_BY_ALIGNMENT(.ramfunc.$RAM4))
 *(SORT_BY_ALIGNMENT(.ramfunc.$USB_RAM))
 *(SORT_BY_ALIGNMENT(.data.$RAM4))
 *(SORT_BY_ALIGNMENT(.data.$USB_RAM))
 *(SORT_BY_ALIGNMENT(.data.$RAM4.*))
 *(SORT_BY_ALIGNMENT(.data.$USB_RAM.*))
                0x400ba000                        . = ALIGN (0x4)
                [!provide]                        PROVIDE (__end_data_RAM4 = .)
                [!provide]                        PROVIDE (__end_data_USB_RAM = .)

.uninit_RESERVED
                0x20000000        0x0
                0x20000000                        _start_uninit_RESERVED = .
 *(SORT_BY_ALIGNMENT(.bss.$RESERVED*))
                0x20000000                        . = ALIGN (0x4)
                0x20000000                        _end_uninit_RESERVED = .

.data           0x20000000       0x78 load address 0x00007b8c
 FILL mask 0xff
                0x20000000                        _data = .
                [!provide]                        PROVIDE (__start_data_RAM = .)
                [!provide]                        PROVIDE (__start_data_SRAM = .)
 *(SORT_BY_ALIGNMENT(vtable))
 *(SORT_BY_ALIGNMENT(.ramfunc*))
 *(SORT_BY_ALIGNMENT(CodeQuickAccess))
 *(SORT_BY_ALIGNMENT(DataQuickAccess))